Archive member included to satisfy reference by file (symbol)

examples/libexamples.a(LCD_1in28_test.c.obj)
                              CMakeFiles/main.dir/main.c.obj (LCD_1in28_test)
examples/libexamples.a(ImageData.c.obj)
                              examples/libexamples.a(LCD_1in28_test.c.obj) (gImage_1inch28_1)
lib/LCD/libLCD.a(LCD_1in28.c.obj)
                              examples/libexamples.a(LCD_1in28_test.c.obj) (LCD_1IN28_Init)
lib/LCD/libLCD.a(Touch_1in28.c.obj)
                              examples/libexamples.a(LCD_1in28_test.c.obj) (Touch_1IN28_init)
lib/GUI/libGUI.a(GUI_Paint.c.obj)
                              examples/libexamples.a(LCD_1in28_test.c.obj) (Paint_NewImage)
lib/Fonts/libFonts.a(font16.c.obj)
                              examples/libexamples.a(LCD_1in28_test.c.obj) (Font16)
lib/Fonts/libFonts.a(font20.c.obj)
                              examples/libexamples.a(LCD_1in28_test.c.obj) (Font20)
lib/Fonts/libFonts.a(font24.c.obj)
                              examples/libexamples.a(LCD_1in28_test.c.obj) (Font24)
lib/Fonts/libFonts.a(font24CN.c.obj)
                              examples/libexamples.a(LCD_1in28_test.c.obj) (Font24CN)
lib/Config/libConfig.a(DEV_Config.c.obj)
                              lib/LCD/libLCD.a(LCD_1in28.c.obj) (DEV_Digital_Write)
/usr/lib/gcc/arm-none-eabi/10.3.1/thumb/v6-m/nofp/libgcc.a(_dvmd_tls.o)
                              CMakeFiles/main.dir/home/aatir/pico/pico-sdk/src/rp2_common/pico_divider/divider.S.obj (__aeabi_idiv0)
/usr/lib/gcc/arm-none-eabi/10.3.1/../../../arm-none-eabi/lib/thumb/v6-m/nofp/libc.a(lib_a-atexit.o)
                              /usr/lib/gcc/arm-none-eabi/10.3.1/../../../arm-none-eabi/lib/thumb/v6-m/nofp/crt0.o (atexit)
/usr/lib/gcc/arm-none-eabi/10.3.1/../../../arm-none-eabi/lib/thumb/v6-m/nofp/libc.a(lib_a-calloc.o)
                              CMakeFiles/main.dir/home/aatir/pico/pico-sdk/src/rp2_common/pico_malloc/pico_malloc.c.obj (calloc)
/usr/lib/gcc/arm-none-eabi/10.3.1/../../../arm-none-eabi/lib/thumb/v6-m/nofp/libc.a(lib_a-callocr.o)
                              /usr/lib/gcc/arm-none-eabi/10.3.1/../../../arm-none-eabi/lib/thumb/v6-m/nofp/libc.a(lib_a-calloc.o) (_calloc_r)
/usr/lib/gcc/arm-none-eabi/10.3.1/../../../arm-none-eabi/lib/thumb/v6-m/nofp/libc.a(lib_a-fini.o)
                              /usr/lib/gcc/arm-none-eabi/10.3.1/../../../arm-none-eabi/lib/thumb/v6-m/nofp/crt0.o (__libc_fini_array)
/usr/lib/gcc/arm-none-eabi/10.3.1/../../../arm-none-eabi/lib/thumb/v6-m/nofp/libc.a(lib_a-impure.o)
                              /usr/lib/gcc/arm-none-eabi/10.3.1/../../../arm-none-eabi/lib/thumb/v6-m/nofp/libc.a(lib_a-calloc.o) (_impure_ptr)
/usr/lib/gcc/arm-none-eabi/10.3.1/../../../arm-none-eabi/lib/thumb/v6-m/nofp/libc.a(lib_a-init.o)
                              /usr/lib/gcc/arm-none-eabi/10.3.1/../../../arm-none-eabi/lib/thumb/v6-m/nofp/crt0.o (__libc_init_array)
/usr/lib/gcc/arm-none-eabi/10.3.1/../../../arm-none-eabi/lib/thumb/v6-m/nofp/libc.a(lib_a-malloc.o)
                              CMakeFiles/main.dir/home/aatir/pico/pico-sdk/src/rp2_common/pico_malloc/pico_malloc.c.obj (malloc)
/usr/lib/gcc/arm-none-eabi/10.3.1/../../../arm-none-eabi/lib/thumb/v6-m/nofp/libc.a(lib_a-mallocr.o)
                              /usr/lib/gcc/arm-none-eabi/10.3.1/../../../arm-none-eabi/lib/thumb/v6-m/nofp/libc.a(lib_a-callocr.o) (_malloc_r)
/usr/lib/gcc/arm-none-eabi/10.3.1/../../../arm-none-eabi/lib/thumb/v6-m/nofp/libc.a(lib_a-mlock.o)
                              /usr/lib/gcc/arm-none-eabi/10.3.1/../../../arm-none-eabi/lib/thumb/v6-m/nofp/libc.a(lib_a-mallocr.o) (__malloc_lock)
/usr/lib/gcc/arm-none-eabi/10.3.1/../../../arm-none-eabi/lib/thumb/v6-m/nofp/libc.a(lib_a-realloc.o)
                              CMakeFiles/main.dir/home/aatir/pico/pico-sdk/src/rp2_common/pico_malloc/pico_malloc.c.obj (realloc)
/usr/lib/gcc/arm-none-eabi/10.3.1/../../../arm-none-eabi/lib/thumb/v6-m/nofp/libc.a(lib_a-reallocr.o)
                              /usr/lib/gcc/arm-none-eabi/10.3.1/../../../arm-none-eabi/lib/thumb/v6-m/nofp/libc.a(lib_a-realloc.o) (_realloc_r)
/usr/lib/gcc/arm-none-eabi/10.3.1/../../../arm-none-eabi/lib/thumb/v6-m/nofp/libc.a(lib_a-sbrkr.o)
                              /usr/lib/gcc/arm-none-eabi/10.3.1/../../../arm-none-eabi/lib/thumb/v6-m/nofp/libc.a(lib_a-mallocr.o) (_sbrk_r)
/usr/lib/gcc/arm-none-eabi/10.3.1/../../../arm-none-eabi/lib/thumb/v6-m/nofp/libc.a(lib_a-strlen-stub.o)
                              CMakeFiles/main.dir/home/aatir/pico/pico-sdk/src/rp2_common/pico_stdio/stdio.c.obj (strlen)
/usr/lib/gcc/arm-none-eabi/10.3.1/../../../arm-none-eabi/lib/thumb/v6-m/nofp/libc.a(lib_a-__atexit.o)
                              /usr/lib/gcc/arm-none-eabi/10.3.1/../../../arm-none-eabi/lib/thumb/v6-m/nofp/libc.a(lib_a-atexit.o) (__register_exitproc)
/usr/lib/gcc/arm-none-eabi/10.3.1/../../../arm-none-eabi/lib/thumb/v6-m/nofp/libc.a(lib_a-freer.o)
[...]
Memory Configuration

Name             Origin             Length             Attributes
FLASH            0x0000000010000000 0x0000000000200000 xr
RAM              0x0000000020000000 0x0000000000040000 xrw
SCRATCH_X        0x0000000020040000 0x0000000000001000 xrw
SCRATCH_Y        0x0000000020041000 0x0000000000001000 xrw
*default*        0x0000000000000000 0xffffffffffffffff

Linker script and memory map

LOAD /usr/lib/gcc/arm-none-eabi/10.3.1/thumb/v6-m/nofp/crti.o
LOAD /usr/lib/gcc/arm-none-eabi/10.3.1/thumb/v6-m/nofp/crtbegin.o
LOAD /usr/lib/gcc/arm-none-eabi/10.3.1/../../../arm-none-eabi/lib/thumb/v6-m/nofp/crt0.o

.flash_begin    0x0000000010000000        0x0
                0x0000000010000000                __flash_binary_start = .

.boot2          0x0000000010000000      0x100
                0x0000000010000000                __boot2_start__ = .
 *(.boot2)
 .boot2         0x0000000010000000      0x100 /tmp/cc4c4v9U.o
                0x0000000010000100                __boot2_end__ = .
                0x0000000000000001                ASSERT (((__boot2_end__ - __boot2_start__) == 0x100), ERROR: Pico second stage bootloader must be 256 bytes in size)

.text           0x0000000010000100     0xb980
                0x0000000010000100                __logical_binary_start = .
 *(.vectors)
 .vectors       0x0000000010000100       0xd4 CMakeFiles/main.dir/home/aatir/pico/pico-sdk/src/rp2_common/pico_standard_link/crt0.S.obj
                0x0000000010000100                __vectors
                0x0000000010000100                __VECTOR_TABLE
                0x00000000100001c0                isr_invalid
                0x00000000100001c0                __default_isrs_start
                0x00000000100001c2                isr_nmi
                0x00000000100001c4                isr_hardfault
                0x00000000100001c6                isr_svcall
                0x00000000100001c8                isr_pendsv
                0x00000000100001ca                isr_systick
                0x00000000100001cc                isr_irq30
                0x00000000100001cc                __unhandled_user_irq
                0x00000000100001cc                isr_irq13
                0x00000000100001cc                isr_irq27
                0x00000000100001cc                isr_irq31
                0x00000000100001cc                isr_irq5
                0x00000000100001cc                isr_irq11
                0x00000000100001cc                isr_irq23
                0x00000000100001cc                isr_irq18
                0x00000000100001cc                isr_irq28
                0x00000000100001cc                isr_irq19
                0x00000000100001cc                isr_irq0
                0x00000000100001cc                isr_irq6
                0x00000000100001cc                isr_irq22
                0x00000000100001cc                isr_irq17
                0x00000000100001cc                isr_irq14
                0x00000000100001cc                isr_irq2
                0x00000000100001cc                isr_irq10
                0x00000000100001cc                isr_irq8
                0x00000000100001cc                isr_irq24
                0x00000000100001cc                isr_irq1
                0x00000000100001cc                isr_irq7
                0x00000000100001cc                isr_irq21
                0x00000000100001cc                isr_irq20
                0x00000000100001cc                isr_irq15
                0x00000000100001cc                isr_irq25
                0x00000000100001cc                isr_irq4
                0x00000000100001cc                isr_irq16
                0x00000000100001cc                isr_irq29
                0x00000000100001cc                isr_irq26
                0x00000000100001cc                __default_isrs_end
                0x00000000100001cc                isr_irq3
                0x00000000100001cc                isr_irq12
                0x00000000100001cc                isr_irq9
                0x00000000100001d2                unhandled_user_irq_num_in_r0
 *(.binary_info_header)
 .binary_info_header
                0x00000000100001d4       0x14 CMakeFiles/main.dir/home/aatir/pico/pico-sdk/src/rp2_common/pico_standard_link/crt0.S.obj
                0x00000000100001e8                __binary_info_header_end = .
 *(.reset)
 .reset         0x00000000100001e8       0xa8 CMakeFiles/main.dir/home/aatir/pico/pico-sdk/src/rp2_common/pico_standard_link/crt0.S.obj
                0x00000000100001e8                _entry_point
                0x0000000010000266                __get_current_exception
 .reset         0x0000000010000290       0x30 CMakeFiles/main.dir/home/aatir/pico/pico-sdk/src/rp2_common/pico_standard_link/binary_info.c.obj
 *(.init)
 .init          0x00000000100002c0        0x4 /usr/lib/gcc/arm-none-eabi/10.3.1/thumb/v6-m/nofp/crti.o
                0x00000000100002c0                _init
 *(EXCLUDE_FILE(*libm.a: *libc.a:*lib_a-mem*.o *libgcc.a:) .text*)
 .text          0x00000000100002c4       0x98 /usr/lib/gcc/arm-none-eabi/10.3.1/thumb/v6-m/nofp/crtbegin.o
 .text.startup.main
                0x000000001000035c        0xc CMakeFiles/main.dir/main.c.obj
                0x000000001000035c                main
 .text.gpio_default_irq_handler
                0x0000000010000368      0x248 CMakeFiles/main.dir/home/aatir/pico/pico-sdk/src/rp2_common/hardware_gpio/gpio.c.obj
 .text.gpio_set_function
                0x00000000100005b0       0x30 CMakeFiles/main.dir/home/aatir/pico/pico-sdk/src/rp2_common/hardware_gpio/gpio.c.obj
                0x00000000100005b0                gpio_set_function
 .text.gpio_set_pulls
                0x00000000100005e0       0x30 CMakeFiles/main.dir/home/aatir/pico/pico-sdk/src/rp2_common/hardware_gpio/gpio.c.obj
                0x00000000100005e0                gpio_set_pulls
 .text.gpio_set_irq_enabled_with_callback
                0x0000000010000610       0xb0 CMakeFiles/main.dir/home/aatir/pico/pico-sdk/src/rp2_common/hardware_gpio/gpio.c.obj
                0x0000000010000610                gpio_set_irq_enabled_with_callback
 .text.gpio_init
                0x00000000100006c0       0x3c CMakeFiles/main.dir/home/aatir/pico/pico-sdk/src/rp2_common/hardware_gpio/gpio.c.obj
                0x00000000100006c0                gpio_init
 .text.hw_claim_or_assert
                0x00000000100006fc       0x44 CMakeFiles/main.dir/home/aatir/pico/pico-sdk/src/rp2_common/hardware_claim/claim.c.obj
                0x00000000100006fc                hw_claim_or_assert
 .text.hw_claim_unused_from_range
                0x0000000010000740       0x9c CMakeFiles/main.dir/home/aatir/pico/pico-sdk/src/rp2_common/hardware_claim/claim.c.obj
                0x0000000010000740                hw_claim_unused_from_range
 .text.running_on_fpga
                0x00000000100007dc       0x10 CMakeFiles/main.dir/home/aatir/pico/pico-sdk/src/rp2_common/pico_platform/platform.c.obj
                0x00000000100007dc                running_on_fpga
 .text.spin_locks_reset
                0x00000000100007ec       0x1c CMakeFiles/main.dir/home/aatir/pico/pico-sdk/src/rp2_common/hardware_sync/sync.c.obj
                0x00000000100007ec                spin_locks_reset
 .text.next_striped_spin_lock_num
                0x0000000010000808       0x18 CMakeFiles/main.dir/home/aatir/pico/pico-sdk/src/rp2_common/hardware_sync/sync.c.obj
                0x0000000010000808                next_striped_spin_lock_num
 .text.spin_lock_claim_unused
                0x0000000010000820       0x20 CMakeFiles/main.dir/home/aatir/pico/pico-sdk/src/rp2_common/hardware_sync/sync.c.obj
                0x0000000010000820                spin_lock_claim_unused
 .text.irq_set_enabled
                0x0000000010000840       0x24 CMakeFiles/main.dir/home/aatir/pico/pico-sdk/src/rp2_common/hardware_irq/irq.c.obj
                0x0000000010000840                irq_set_enabled
 .text.irq_set_pending
                0x0000000010000864       0x10 CMakeFiles/main.dir/home/aatir/pico/pico-sdk/src/rp2_common/hardware_irq/irq.c.obj
                0x0000000010000864                irq_set_pending
 .text.irq_has_shared_handler
                0x0000000010000874       0x2c CMakeFiles/main.dir/home/aatir/pico/pico-sdk/src/rp2_common/hardware_irq/irq.c.obj
                0x0000000010000874                irq_has_shared_handler
 .text.irq_get_vtable_handler
                0x00000000100008a0       0x10 CMakeFiles/main.dir/home/aatir/pico/pico-sdk/src/rp2_common/hardware_irq/irq.c.obj
                0x00000000100008a0                irq_get_vtable_handler
 .text.irq_set_exclusive_handler
                0x00000000100008b0       0x54 CMakeFiles/main.dir/home/aatir/pico/pico-sdk/src/rp2_common/hardware_irq/irq.c.obj
                0x00000000100008b0                irq_set_exclusive_handler
 .text.irq_add_shared_handler
                0x0000000010000904      0x1e4 CMakeFiles/main.dir/home/aatir/pico/pico-sdk/src/rp2_common/hardware_irq/irq.c.obj
                0x0000000010000904                irq_add_shared_handler
 .text.irq_remove_handler
                0x0000000010000ae8      0x1b4 CMakeFiles/main.dir/home/aatir/pico/pico-sdk/src/rp2_common/hardware_irq/irq.c.obj
                0x0000000010000ae8                irq_remove_handler
 .text.irq_add_tail_to_free_list
                0x0000000010000c9c       0xb4 CMakeFiles/main.dir/home/aatir/pico/pico-sdk/src/rp2_common/hardware_irq/irq.c.obj
                0x0000000010000c9c                irq_add_tail_to_free_list
 .text.irq_init_priorities
                0x0000000010000d50       0x24 CMakeFiles/main.dir/home/aatir/pico/pico-sdk/src/rp2_common/hardware_irq/irq.c.obj
                0x0000000010000d50                irq_init_priorities
 .text.user_irq_claim_unused
                0x0000000010000d74       0x30 CMakeFiles/main.dir/home/aatir/pico/pico-sdk/src/rp2_common/hardware_irq/irq.c.obj
                0x0000000010000d74                user_irq_claim_unused
 .text.lock_init
                0x0000000010000da4       0x10 CMakeFiles/main.dir/home/aatir/pico/pico-sdk/src/common/pico_sync/lock_core.c.obj
                0x0000000010000da4                lock_init
 .text.timer_pool_entry_comparator
                0x0000000010000db4       0x34 CMakeFiles/main.dir/home/aatir/pico/pico-sdk/src/common/pico_time/time.c.obj
                0x0000000010000db4                timer_pool_entry_comparator
 .text.repeating_timer_callback
                0x0000000010000de8       0x1c CMakeFiles/main.dir/home/aatir/pico/pico-sdk/src/common/pico_time/time.c.obj
 .text.sleep_until_callback
                0x0000000010000e04       0x30 CMakeFiles/main.dir/home/aatir/pico/pico-sdk/src/common/pico_time/time.c.obj
 .text.add_alarm_under_lock.isra.0
                0x0000000010000e34      0x100 CMakeFiles/main.dir/home/aatir/pico/pico-sdk/src/common/pico_time/time.c.obj
 .text.alarm_pool_alarm_callback
                0x0000000010000f34      0x1c8 CMakeFiles/main.dir/home/aatir/pico/pico-sdk/src/common/pico_time/time.c.obj
 .text.alarm_pool_add_alarm_at.constprop.0
                0x00000000100010fc      0x11c CMakeFiles/main.dir/home/aatir/pico/pico-sdk/src/common/pico_time/time.c.obj
 .text.alarm_pool_init_default
                0x0000000010001218       0x64 CMakeFiles/main.dir/home/aatir/pico/pico-sdk/src/common/pico_time/time.c.obj
                0x0000000010001218                alarm_pool_init_default
 .text.alarm_pool_get_default
                0x000000001000127c        0x8 CMakeFiles/main.dir/home/aatir/pico/pico-sdk/src/common/pico_time/time.c.obj
                0x000000001000127c                alarm_pool_get_default
 .text.alarm_pool_add_alarm_at
                0x0000000010001284      0x194 CMakeFiles/main.dir/home/aatir/pico/pico-sdk/src/common/pico_time/time.c.obj
                0x0000000010001284                alarm_pool_add_alarm_at
 .text.alarm_pool_add_repeating_timer_us
                0x0000000010001418      0x22c CMakeFiles/main.dir/home/aatir/pico/pico-sdk/src/common/pico_time/time.c.obj
                0x0000000010001418                alarm_pool_add_repeating_timer_us
 .text.sleep_until
                0x0000000010001644       0xac CMakeFiles/main.dir/home/aatir/pico/pico-sdk/src/common/pico_time/time.c.obj
                0x0000000010001644                sleep_until
 .text.sleep_ms
                0x00000000100016f0       0x38 CMakeFiles/main.dir/home/aatir/pico/pico-sdk/src/common/pico_time/time.c.obj
                0x00000000100016f0                sleep_ms
 .text.best_effort_wfe_or_timeout
                0x0000000010001728       0xd4 CMakeFiles/main.dir/home/aatir/pico/pico-sdk/src/common/pico_time/time.c.obj
                0x0000000010001728                best_effort_wfe_or_timeout
 .text.hardware_alarm_irq_handler
                0x00000000100017fc       0xb8 CMakeFiles/main.dir/home/aatir/pico/pico-sdk/src/rp2_common/hardware_timer/timer.c.obj
 .text.hardware_alarm_claim
                0x00000000100018b4       0x18 CMakeFiles/main.dir/home/aatir/pico/pico-sdk/src/rp2_common/hardware_timer/timer.c.obj
                0x00000000100018b4                hardware_alarm_claim
 .text.time_us_64
                0x00000000100018cc       0x14 CMakeFiles/main.dir/home/aatir/pico/pico-sdk/src/rp2_common/hardware_timer/timer.c.obj
                0x00000000100018cc                time_us_64
 .text.busy_wait_until
                0x00000000100018e0       0x20 CMakeFiles/main.dir/home/aatir/pico/pico-sdk/src/rp2_common/hardware_timer/timer.c.obj
                0x00000000100018e0                busy_wait_until
 .text.hardware_alarm_set_callback
                0x0000000010001900       0x8c CMakeFiles/main.dir/home/aatir/pico/pico-sdk/src/rp2_common/hardware_timer/timer.c.obj
                0x0000000010001900                hardware_alarm_set_callback
 .text.hardware_alarm_set_target
                0x000000001000198c       0xe0 CMakeFiles/main.dir/home/aatir/pico/pico-sdk/src/rp2_common/hardware_timer/timer.c.obj
                0x000000001000198c                hardware_alarm_set_target
 .text.hardware_alarm_cancel
                0x0000000010001a6c       0x3c CMakeFiles/main.dir/home/aatir/pico/pico-sdk/src/rp2_common/hardware_timer/timer.c.obj
                0x0000000010001a6c                hardware_alarm_cancel
 .text.ph_merge_nodes
                0x0000000010001aa8       0x68 CMakeFiles/main.dir/home/aatir/pico/pico-sdk/src/common/pico_util/pheap.c.obj
 .text.ph_post_alloc_init
                0x0000000010001b10       0x3c CMakeFiles/main.dir/home/aatir/pico/pico-sdk/src/common/pico_util/pheap.c.obj
                0x0000000010001b10                ph_post_alloc_init
 .text.ph_merge_two_pass
                0x0000000010001b4c       0x90 CMakeFiles/main.dir/home/aatir/pico/pico-sdk/src/common/pico_util/pheap.c.obj
                0x0000000010001b4c                ph_merge_two_pass
 .text.ph_remove_any_head
                0x0000000010001bdc       0xf8 CMakeFiles/main.dir/home/aatir/pico/pico-sdk/src/common/pico_util/pheap.c.obj
 .text.ph_remove_head
                0x0000000010001cd4       0xfc CMakeFiles/main.dir/home/aatir/pico/pico-sdk/src/common/pico_util/pheap.c.obj
                0x0000000010001cd4                ph_remove_head
 .text.ph_remove_and_free_node
                0x0000000010001dd0       0x7c CMakeFiles/main.dir/home/aatir/pico/pico-sdk/src/common/pico_util/pheap.c.obj
                0x0000000010001dd0                ph_remove_and_free_node
 .text.mutex_init
                0x0000000010001e4c       0x1c CMakeFiles/main.dir/home/aatir/pico/pico-sdk/src/common/pico_sync/mutex.c.obj
                0x0000000010001e4c                mutex_init
 .text.recursive_mutex_init
                0x0000000010001e68       0x1c CMakeFiles/main.dir/home/aatir/pico/pico-sdk/src/common/pico_sync/mutex.c.obj
                0x0000000010001e68                recursive_mutex_init
 .text.critical_section_init
                0x0000000010001e84       0x20 CMakeFiles/main.dir/home/aatir/pico/pico-sdk/src/common/pico_sync/critical_section.c.obj
                0x0000000010001e84                critical_section_init
 .text.uart_init
                0x0000000010001ea4       0xe0 CMakeFiles/main.dir/home/aatir/pico/pico-sdk/src/rp2_common/hardware_uart/uart.c.obj
                0x0000000010001ea4                uart_init
 .text.runtime_init
                0x0000000010001f84       0xf0 CMakeFiles/main.dir/home/aatir/pico/pico-sdk/src/rp2_common/pico_runtime/runtime.c.obj
                0x0000000010001f84                runtime_init
 .text._sbrk    0x0000000010002074       0x34 CMakeFiles/main.dir/home/aatir/pico/pico-sdk/src/rp2_common/pico_runtime/runtime.c.obj
                0x0000000010002074                _sbrk
 .text.exit     0x00000000100020a8        0x4 CMakeFiles/main.dir/home/aatir/pico/pico-sdk/src/rp2_common/pico_runtime/runtime.c.obj
                0x00000000100020a8                exit
 .text.panic    0x00000000100020ac       0x30 CMakeFiles/main.dir/home/aatir/pico/pico-sdk/src/rp2_common/pico_runtime/runtime.c.obj
                0x00000000100020ac                panic
 .text.hard_assertion_failure
                0x00000000100020dc        0xc CMakeFiles/main.dir/home/aatir/pico/pico-sdk/src/rp2_common/pico_runtime/runtime.c.obj
                0x00000000100020dc                hard_assertion_failure
 .text.clocks_init
                0x00000000100020e8      0x2bc CMakeFiles/main.dir/home/aatir/pico/pico-sdk/src/rp2_common/hardware_clocks/clocks.c.obj
                0x00000000100020e8                clocks_init
 .text.clock_get_hz
                0x00000000100023a4        0xc CMakeFiles/main.dir/home/aatir/pico/pico-sdk/src/rp2_common/hardware_clocks/clocks.c.obj
                0x00000000100023a4                clock_get_hz
 .text.pll_init
                0x00000000100023b0       0xb0 CMakeFiles/main.dir/home/aatir/pico/pico-sdk/src/rp2_common/hardware_pll/pll.c.obj
                0x00000000100023b0                pll_init
 .text.watchdog_start_tick
                0x0000000010002460       0x10 CMakeFiles/main.dir/home/aatir/pico/pico-sdk/src/rp2_common/hardware_watchdog/watchdog.c.obj
                0x0000000010002460                watchdog_start_tick
 .text.watchdog_reboot
                0x0000000010002470       0x98 CMakeFiles/main.dir/home/aatir/pico/pico-sdk/src/rp2_common/hardware_watchdog/watchdog.c.obj
                0x0000000010002470                watchdog_reboot
 .text.xosc_init
                0x0000000010002508       0x28 CMakeFiles/main.dir/home/aatir/pico/pico-sdk/src/rp2_common/hardware_xosc/xosc.c.obj
                0x0000000010002508                xosc_init
 .text._out_null
                0x0000000010002530        0x4 CMakeFiles/main.dir/home/aatir/pico/pico-sdk/src/rp2_common/pico_printf/printf.c.obj
 .text._out_rev
                0x0000000010002534       0x9c CMakeFiles/main.dir/home/aatir/pico/pico-sdk/src/rp2_common/pico_printf/printf.c.obj
 .text._ntoa_format
                0x00000000100025d0      0x1cc CMakeFiles/main.dir/home/aatir/pico/pico-sdk/src/rp2_common/pico_printf/printf.c.obj
 .text._out_char
                0x000000001000279c       0x10 CMakeFiles/main.dir/home/aatir/pico/pico-sdk/src/rp2_common/pico_printf/printf.c.obj
 .text._out_fct
                0x00000000100027ac       0x10 CMakeFiles/main.dir/home/aatir/pico/pico-sdk/src/rp2_common/pico_printf/printf.c.obj
 .text._etoa    0x00000000100027bc      0x44c CMakeFiles/main.dir/home/aatir/pico/pico-sdk/src/rp2_common/pico_printf/printf.c.obj
 .text._ftoa    0x0000000010002c08      0x398 CMakeFiles/main.dir/home/aatir/pico/pico-sdk/src/rp2_common/pico_printf/printf.c.obj
 .text._vsnprintf
                0x0000000010002fa0      0xb04 CMakeFiles/main.dir/home/aatir/pico/pico-sdk/src/rp2_common/pico_printf/printf.c.obj
 .text.vfctprintf
                0x0000000010003aa4       0x20 CMakeFiles/main.dir/home/aatir/pico/pico-sdk/src/rp2_common/pico_printf/printf.c.obj
                0x0000000010003aa4                vfctprintf
 .text.weak_raw_vprintf
                0x0000000010003ac4       0x30 CMakeFiles/main.dir/home/aatir/pico/pico-sdk/src/rp2_common/pico_printf/printf.c.obj
                0x0000000010003ac4                weak_raw_vprintf
 .text          0x0000000010003af4       0x10 CMakeFiles/main.dir/home/aatir/pico/pico-sdk/src/rp2_common/pico_bit_ops/bit_ops_aeabi.S.obj
 .text.rom_func_lookup
                0x0000000010003b04       0x10 CMakeFiles/main.dir/home/aatir/pico/pico-sdk/src/rp2_common/pico_bootrom/bootrom.c.obj
                0x0000000010003b04                rom_func_lookup
 .text.rom_data_lookup
                0x0000000010003b14       0x10 CMakeFiles/main.dir/home/aatir/pico/pico-sdk/src/rp2_common/pico_bootrom/bootrom.c.obj
                0x0000000010003b14                rom_data_lookup
 .text.rom_funcs_lookup
                0x0000000010003b24       0x44 CMakeFiles/main.dir/home/aatir/pico/pico-sdk/src/rp2_common/pico_bootrom/bootrom.c.obj
                0x0000000010003b24                rom_funcs_lookup
 .text.__wrap___aeabi_idiv
                0x0000000010003b68       0x50 CMakeFiles/main.dir/home/aatir/pico/pico-sdk/src/rp2_common/pico_divider/divider.S.obj
                0x0000000010003b68                __wrap___aeabi_idivmod
                0x0000000010003b68                divmod_s32s32
                0x0000000010003b68                div_s32s32
                0x0000000010003b68                __wrap___aeabi_idiv
                0x0000000010003b70                divmod_s32s32_unsafe
                0x0000000010003b9c                divmod_s32s32_savestate
 .text.__wrap___aeabi_uidiv
                0x0000000010003bb8       0x4c CMakeFiles/main.dir/home/aatir/pico/pico-sdk/src/rp2_common/pico_divider/divider.S.obj
                0x0000000010003bb8                __wrap___aeabi_uidiv
                0x0000000010003bb8                __wrap___aeabi_uidivmod
                0x0000000010003bb8                div_u32u32
                0x0000000010003bb8                divmod_u32u32
                0x0000000010003bc0                divmod_u32u32_unsafe
                0x0000000010003be8                divmod_u32u32_savestate
 .text.__wrap___aeabi_ldiv
                0x0000000010003c04      0x434 CMakeFiles/main.dir/home/aatir/pico/pico-sdk/src/rp2_common/pico_divider/divider.S.obj
                0x0000000010003c04                div_s64s64
                0x0000000010003c04                divmod_s64s64
                0x0000000010003c04                __wrap___aeabi_ldivmod
                0x0000000010003c3c                div_u64u64
                0x0000000010003c3c                divmod_u64u64
                0x0000000010003c3c                __wrap___aeabi_uldivmod
                0x0000000010003c4c                divmod_u64u64_savestate
                0x0000000010003c74                divmod_s64s64_unsafe
                0x0000000010003cfc                divmod_u64u64_unsafe
 .text.__wrap___aeabi_darithmetic
                0x0000000010004038       0x80 CMakeFiles/main.dir/home/aatir/pico/pico-sdk/src/rp2_common/pico_double/double_aeabi.S.obj
                0x0000000010004038                __wrap___aeabi_drsub
                0x000000001000403e                __wrap___aeabi_dsub
                0x0000000010004050                __wrap___aeabi_dadd
                0x0000000010004062                __wrap___aeabi_ddiv
                0x000000001000409e                __wrap___aeabi_dmul
 .text.__wrap___aeabi_cdcmple
                0x00000000100040b8       0x6c CMakeFiles/main.dir/home/aatir/pico/pico-sdk/src/rp2_common/pico_double/double_aeabi.S.obj
                0x00000000100040b8                __wrap___aeabi_cdrcmple
                0x00000000100040c8                __wrap___aeabi_cdcmple
                0x00000000100040c8                __wrap___aeabi_cdcmpeq
 .text.__wrap___aeabi_dcmplt
                0x0000000010004124        0xc CMakeFiles/main.dir/home/aatir/pico/pico-sdk/src/rp2_common/pico_double/double_aeabi.S.obj
                0x0000000010004124                __wrap___aeabi_dcmplt
 .text.__wrap___aeabi_dcmple
                0x0000000010004130       0x10 CMakeFiles/main.dir/home/aatir/pico/pico-sdk/src/rp2_common/pico_double/double_aeabi.S.obj
                0x0000000010004130                __wrap___aeabi_dcmple
 .text.__wrap___aeabi_dcmpge
                0x0000000010004140       0x10 CMakeFiles/main.dir/home/aatir/pico/pico-sdk/src/rp2_common/pico_double/double_aeabi.S.obj
                0x0000000010004140                __wrap___aeabi_dcmpge
 .text.__wrap___aeabi_dcmpgt
                0x0000000010004150        0xa CMakeFiles/main.dir/home/aatir/pico/pico-sdk/src/rp2_common/pico_double/double_aeabi.S.obj
                0x0000000010004150                __wrap___aeabi_dcmpgt
 .text.__wrap___aeabi_dcmpun
                0x000000001000415a       0x1c CMakeFiles/main.dir/home/aatir/pico/pico-sdk/src/rp2_common/pico_double/double_aeabi.S.obj
                0x000000001000415a                __wrap___aeabi_dcmpun
 *fill*         0x0000000010004176        0x2 
 .text.__wrap___aeabi_i2d
                0x0000000010004178       0x38 CMakeFiles/main.dir/home/aatir/pico/pico-sdk/src/rp2_common/pico_double/double_aeabi.S.obj
                0x0000000010004178                __wrap___aeabi_ui2d
                0x0000000010004180                __wrap___aeabi_i2d
 .text.__wrap___aeabi_d2iz
                0x00000000100041b0       0x48 CMakeFiles/main.dir/home/aatir/pico/pico-sdk/src/rp2_common/pico_double/double_aeabi.S.obj
                0x00000000100041b0                __wrap___aeabi_d2iz
                0x00000000100041b0                double2int_z
 .text.__wrap___aeabi_d2uiz
                0x00000000100041f8       0x18 CMakeFiles/main.dir/home/aatir/pico/pico-sdk/src/rp2_common/pico_double/double_aeabi.S.obj
                0x00000000100041f8                double2uint
                0x00000000100041f8                __wrap___aeabi_d2uiz
 .text.__wrap___aeabi_d2f
                0x0000000010004210       0x18 CMakeFiles/main.dir/home/aatir/pico/pico-sdk/src/rp2_common/pico_double/double_aeabi.S.obj
                0x0000000010004210                __wrap___aeabi_d2f
 .text.__aeabi_double_init
                0x0000000010004228       0x94 CMakeFiles/main.dir/home/aatir/pico/pico-sdk/src/rp2_common/pico_double/double_init_rom.c.obj
                0x0000000010004228                __aeabi_double_init
 .text.double_table_shim_on_use_helper
                0x00000000100042bc       0x2c CMakeFiles/main.dir/home/aatir/pico/pico-sdk/src/rp2_common/pico_double/double_v1_rom_shim.S.obj
                0x00000000100042bc                double_table_shim_on_use_helper
 .text.__wrap___aeabi_dsub
                0x00000000100042e8       0x10 CMakeFiles/main.dir/home/aatir/pico/pico-sdk/src/rp2_common/pico_double/double_v1_rom_shim.S.obj
                0x00000000100042e8                drsub_shim
                0x00000000100042ee                dsub_shim
 .text.dadd_shim
                0x00000000100042f8      0x15c CMakeFiles/main.dir/home/aatir/pico/pico-sdk/src/rp2_common/pico_double/double_v1_rom_shim.S.obj
                0x00000000100042f8                dadd_shim
 .text.dmul_shim
                0x0000000010004454      0x15c CMakeFiles/main.dir/home/aatir/pico/pico-sdk/src/rp2_common/pico_double/double_v1_rom_shim.S.obj
                0x0000000010004454                dmul_shim
 .text.ddiv_shim
                0x00000000100045b0      0x1b0 CMakeFiles/main.dir/home/aatir/pico/pico-sdk/src/rp2_common/pico_double/double_v1_rom_shim.S.obj
                0x00000000100045b0                ddiv_shim
 .text.double2uint_shim
                0x0000000010004760        0xe CMakeFiles/main.dir/home/aatir/pico/pico-sdk/src/rp2_common/pico_double/double_v1_rom_shim.S.obj
                0x0000000010004760                double2uint_shim
                0x0000000010004762                double2ufix_shim
 *fill*         0x000000001000476e        0x2 
 .text.double2uint64_shim
                0x0000000010004770       0x70 CMakeFiles/main.dir/home/aatir/pico/pico-sdk/src/rp2_common/pico_double/double_v1_rom_shim.S.obj
                0x0000000010004770                double2uint64_shim
                0x0000000010004772                double2ufix64_shim
                0x0000000010004792                d2fix_a
 .text.double2float_shim
                0x00000000100047e0       0x5c CMakeFiles/main.dir/home/aatir/pico/pico-sdk/src/rp2_common/pico_double/double_v1_rom_shim.S.obj
                0x00000000100047e0                double2float_shim
 .text.dunpacks
                0x000000001000483c       0x3c CMakeFiles/main.dir/home/aatir/pico/pico-sdk/src/rp2_common/pico_double/double_v1_rom_shim.S.obj
                0x000000001000483c                dunpacks
 .text.__aeabi_lmul
                0x0000000010004878       0x32 CMakeFiles/main.dir/home/aatir/pico/pico-sdk/src/rp2_common/pico_int64_ops/pico_int64_ops_aeabi.S.obj
                0x0000000010004878                __wrap___aeabi_lmul
 *fill*         0x00000000100048aa        0x2 
 .text.__wrap___aeabi_farithmetic
                0x00000000100048ac       0x48 CMakeFiles/main.dir/home/aatir/pico/pico-sdk/src/rp2_common/pico_float/float_aeabi.S.obj
                0x00000000100048ac                __wrap___aeabi_frsub
                0x00000000100048b2                __wrap___aeabi_fsub
                0x00000000100048b8                __wrap___aeabi_fadd
                0x00000000100048be                __wrap___aeabi_fdiv
                0x00000000100048e6                __wrap___aeabi_fmul
 .text.__wrap___aeabi_f2iz
                0x00000000100048f4       0x4e CMakeFiles/main.dir/home/aatir/pico/pico-sdk/src/rp2_common/pico_float/float_aeabi.S.obj
                0x00000000100048f4                __wrap___aeabi_f2iz
                0x00000000100048f4                float2int_z
 *fill*         0x0000000010004942        0x2 
 .text.float2int
                0x0000000010004944       0x14 CMakeFiles/main.dir/home/aatir/pico/pico-sdk/src/rp2_common/pico_float/float_aeabi.S.obj
                0x0000000010004944                float2int
 .text.__wrap___aeabi_f2uiz
                0x0000000010004958        0xc CMakeFiles/main.dir/home/aatir/pico/pico-sdk/src/rp2_common/pico_float/float_aeabi.S.obj
                0x0000000010004958                __wrap___aeabi_f2uiz
 .text.__aeabi_float_init
                0x0000000010004964       0x64 CMakeFiles/main.dir/home/aatir/pico/pico-sdk/src/rp2_common/pico_float/float_init_rom.c.obj
                0x0000000010004964                __aeabi_float_init
 .text.float_table_shim_on_use_helper
                0x00000000100049c8       0x2c CMakeFiles/main.dir/home/aatir/pico/pico-sdk/src/rp2_common/pico_float/float_v1_rom_shim.S.obj
                0x00000000100049c8                float_table_shim_on_use_helper
 .text.float232_shims
                0x00000000100049f4       0x18 CMakeFiles/main.dir/home/aatir/pico/pico-sdk/src/rp2_common/pico_float/float_v1_rom_shim.S.obj
                0x00000000100049f4                float2int_shim
                0x00000000100049f6                float2fix_shim
 .text.__wrap_malloc
                0x0000000010004a0c       0x24 CMakeFiles/main.dir/home/aatir/pico/pico-sdk/src/rp2_common/pico_malloc/pico_malloc.c.obj
                0x0000000010004a0c                __wrap_malloc
 .text          0x0000000010004a30       0x10 CMakeFiles/main.dir/home/aatir/pico/pico-sdk/src/rp2_common/pico_mem_ops/mem_ops_aeabi.S.obj
                0x0000000010004a30                __aeabi_mem_init
 .text.memset   0x0000000010004a40        0xc CMakeFiles/main.dir/home/aatir/pico/pico-sdk/src/rp2_common/pico_mem_ops/mem_ops_aeabi.S.obj
                0x0000000010004a40                __wrap_memset
 .text.memcpy   0x0000000010004a4c        0xc CMakeFiles/main.dir/home/aatir/pico/pico-sdk/src/rp2_common/pico_mem_ops/mem_ops_aeabi.S.obj
                0x0000000010004a4c                __wrap___aeabi_memcpy
                0x0000000010004a4c                __wrap_memcpy
 .text.stdio_out_chars_no_crlf
                0x0000000010004a58       0x10 CMakeFiles/main.dir/home/aatir/pico/pico-sdk/src/rp2_common/pico_stdio/stdio.c.obj
 .text.stdio_out_chars_crlf
                0x0000000010004a68       0xb4 CMakeFiles/main.dir/home/aatir/pico/pico-sdk/src/rp2_common/pico_stdio/stdio.c.obj
 .text.stdio_buffered_printer
                0x0000000010004b1c       0x64 CMakeFiles/main.dir/home/aatir/pico/pico-sdk/src/rp2_common/pico_stdio/stdio.c.obj
 .text.stdio_put_string.isra.0
                0x0000000010004b80       0xfc CMakeFiles/main.dir/home/aatir/pico/pico-sdk/src/rp2_common/pico_stdio/stdio.c.obj
 .text.__wrap_putchar
                0x0000000010004c7c       0xa0 CMakeFiles/main.dir/home/aatir/pico/pico-sdk/src/rp2_common/pico_stdio/stdio.c.obj
                0x0000000010004c7c                __wrap_putchar
 .text.__wrap_puts
                0x0000000010004d1c       0x3c CMakeFiles/main.dir/home/aatir/pico/pico-sdk/src/rp2_common/pico_stdio/stdio.c.obj
                0x0000000010004d1c                __wrap_puts
 .text.stdio_set_driver_enabled
                0x0000000010004d58       0x30 CMakeFiles/main.dir/home/aatir/pico/pico-sdk/src/rp2_common/pico_stdio/stdio.c.obj
                0x0000000010004d58                stdio_set_driver_enabled
 .text.__wrap_vprintf
                0x0000000010004d88       0xd8 CMakeFiles/main.dir/home/aatir/pico/pico-sdk/src/rp2_common/pico_stdio/stdio.c.obj
                0x0000000010004d88                __wrap_vprintf
 .text.__wrap_printf
                0x0000000010004e60       0x18 CMakeFiles/main.dir/home/aatir/pico/pico-sdk/src/rp2_common/pico_stdio/stdio.c.obj
                0x0000000010004e60                __wrap_printf
 .text.stdio_init_all
                0x0000000010004e78        0xc CMakeFiles/main.dir/home/aatir/pico/pico-sdk/src/rp2_common/pico_stdio/stdio.c.obj
                0x0000000010004e78                stdio_init_all
 .text.stdio_uart_out_chars
                0x0000000010004e84       0x4c CMakeFiles/main.dir/home/aatir/pico/pico-sdk/src/rp2_common/pico_stdio_uart/stdio_uart.c.obj
 .text.stdio_uart_in_chars
                0x0000000010004ed0       0x38 CMakeFiles/main.dir/home/aatir/pico/pico-sdk/src/rp2_common/pico_stdio_uart/stdio_uart.c.obj
                0x0000000010004ed0                stdio_uart_in_chars
 .text.stdio_uart_init
                0x0000000010004f08       0x48 CMakeFiles/main.dir/home/aatir/pico/pico-sdk/src/rp2_common/pico_stdio_uart/stdio_uart.c.obj
                0x0000000010004f08                stdio_uart_init
 .text.resetd_init
                0x0000000010004f50        0x4 CMakeFiles/main.dir/home/aatir/pico/pico-sdk/src/rp2_common/pico_stdio_usb/reset_interface.c.obj
 .text.resetd_reset
                0x0000000010004f54        0xc CMakeFiles/main.dir/home/aatir/pico/pico-sdk/src/rp2_common/pico_stdio_usb/reset_interface.c.obj
 .text.resetd_open
                0x0000000010004f60       0x28 CMakeFiles/main.dir/home/aatir/pico/pico-sdk/src/rp2_common/pico_stdio_usb/reset_interface.c.obj
 .text.resetd_xfer_cb
                0x0000000010004f88        0x4 CMakeFiles/main.dir/home/aatir/pico/pico-sdk/src/rp2_common/pico_stdio_usb/reset_interface.c.obj
 .text.resetd_control_xfer_cb
                0x0000000010004f8c       0x64 CMakeFiles/main.dir/home/aatir/pico/pico-sdk/src/rp2_common/pico_stdio_usb/reset_interface.c.obj
 .text.usbd_app_driver_get_cb
                0x0000000010004ff0        0xc CMakeFiles/main.dir/home/aatir/pico/pico-sdk/src/rp2_common/pico_stdio_usb/reset_interface.c.obj
                0x0000000010004ff0                usbd_app_driver_get_cb
 .text.tud_cdc_line_coding_cb
                0x0000000010004ffc       0x34 CMakeFiles/main.dir/home/aatir/pico/pico-sdk/src/rp2_common/pico_stdio_usb/reset_interface.c.obj
                0x0000000010004ffc                tud_cdc_line_coding_cb
 .text.stdio_usb_in_chars
                0x0000000010005030       0x68 CMakeFiles/main.dir/home/aatir/pico/pico-sdk/src/rp2_common/pico_stdio_usb/stdio_usb.c.obj
                0x0000000010005030                stdio_usb_in_chars
 .text.stdio_usb_out_chars
                0x0000000010005098       0xe4 CMakeFiles/main.dir/home/aatir/pico/pico-sdk/src/rp2_common/pico_stdio_usb/stdio_usb.c.obj
 .text.timer_task
                0x000000001000517c       0x18 CMakeFiles/main.dir/home/aatir/pico/pico-sdk/src/rp2_common/pico_stdio_usb/stdio_usb.c.obj
 .text.usb_irq  0x0000000010005194       0x10 CMakeFiles/main.dir/home/aatir/pico/pico-sdk/src/rp2_common/pico_stdio_usb/stdio_usb.c.obj
 .text.low_priority_worker_irq
                0x00000000100051a4       0x24 CMakeFiles/main.dir/home/aatir/pico/pico-sdk/src/rp2_common/pico_stdio_usb/stdio_usb.c.obj
 .text.stdio_usb_init
                0x00000000100051c8       0xb0 CMakeFiles/main.dir/home/aatir/pico/pico-sdk/src/rp2_common/pico_stdio_usb/stdio_usb.c.obj
                0x00000000100051c8                stdio_usb_init
 .text.tud_descriptor_device_cb
                0x0000000010005278        0x8 CMakeFiles/main.dir/home/aatir/pico/pico-sdk/src/rp2_common/pico_stdio_usb/stdio_usb_descriptors.c.obj
                0x0000000010005278                tud_descriptor_device_cb
 .text.tud_descriptor_configuration_cb
                0x0000000010005280        0x8 CMakeFiles/main.dir/home/aatir/pico/pico-sdk/src/rp2_common/pico_stdio_usb/stdio_usb_descriptors.c.obj
                0x0000000010005280                tud_descriptor_configuration_cb
 .text.tud_descriptor_string_cb
                0x0000000010005288       0x74 CMakeFiles/main.dir/home/aatir/pico/pico-sdk/src/rp2_common/pico_stdio_usb/stdio_usb_descriptors.c.obj
                0x0000000010005288                tud_descriptor_string_cb
 .text.dcd_rp2040_irq
                0x00000000100052fc      0x21c CMakeFiles/main.dir/home/aatir/pico/pico-sdk/lib/tinyusb/src/portable/raspberrypi/rp2040/dcd_rp2040.c.obj
 .text.dcd_int_enable
                0x0000000010005518        0xc CMakeFiles/main.dir/home/aatir/pico/pico-sdk/lib/tinyusb/src/portable/raspberrypi/rp2040/dcd_rp2040.c.obj
                0x0000000010005518                dcd_int_enable
 .text.dcd_set_address
                0x0000000010005524       0x14 CMakeFiles/main.dir/home/aatir/pico/pico-sdk/lib/tinyusb/src/portable/raspberrypi/rp2040/dcd_rp2040.c.obj
                0x0000000010005524                dcd_set_address
 .text.dcd_connect
                0x0000000010005538       0x10 CMakeFiles/main.dir/home/aatir/pico/pico-sdk/lib/tinyusb/src/portable/raspberrypi/rp2040/dcd_rp2040.c.obj
                0x0000000010005538                dcd_connect
 .text.dcd_init
                0x0000000010005548      0x144 CMakeFiles/main.dir/home/aatir/pico/pico-sdk/lib/tinyusb/src/portable/raspberrypi/rp2040/dcd_rp2040.c.obj
                0x0000000010005548                dcd_init
 .text.dcd_edpt0_status_complete
                0x000000001000568c       0x1c CMakeFiles/main.dir/home/aatir/pico/pico-sdk/lib/tinyusb/src/portable/raspberrypi/rp2040/dcd_rp2040.c.obj
                0x000000001000568c                dcd_edpt0_status_complete
 .text.dcd_edpt_open
                0x00000000100056a8       0xf0 CMakeFiles/main.dir/home/aatir/pico/pico-sdk/lib/tinyusb/src/portable/raspberrypi/rp2040/dcd_rp2040.c.obj
                0x00000000100056a8                dcd_edpt_open
 .text.dcd_edpt_close_all
                0x0000000010005798       0xbc CMakeFiles/main.dir/home/aatir/pico/pico-sdk/lib/tinyusb/src/portable/raspberrypi/rp2040/dcd_rp2040.c.obj
                0x0000000010005798                dcd_edpt_close_all
 .text.dcd_edpt_xfer
                0x0000000010005854       0x24 CMakeFiles/main.dir/home/aatir/pico/pico-sdk/lib/tinyusb/src/portable/raspberrypi/rp2040/dcd_rp2040.c.obj
                0x0000000010005854                dcd_edpt_xfer
 .text.dcd_edpt_stall
                0x0000000010005878       0x38 CMakeFiles/main.dir/home/aatir/pico/pico-sdk/lib/tinyusb/src/portable/raspberrypi/rp2040/dcd_rp2040.c.obj
                0x0000000010005878                dcd_edpt_stall
 .text.dcd_edpt_clear_stall
                0x00000000100058b0       0x30 CMakeFiles/main.dir/home/aatir/pico/pico-sdk/lib/tinyusb/src/portable/raspberrypi/rp2040/dcd_rp2040.c.obj
                0x00000000100058b0                dcd_edpt_clear_stall
 .text._hw_endpoint_buffer_control_update32.part.0.isra.0
                0x00000000100058e0       0x1c CMakeFiles/main.dir/home/aatir/pico/pico-sdk/lib/tinyusb/src/portable/raspberrypi/rp2040/rp2040_usb.c.obj
 .text.rp2040_usb_init
                0x00000000100058fc       0x4c CMakeFiles/main.dir/home/aatir/pico/pico-sdk/lib/tinyusb/src/portable/raspberrypi/rp2040/rp2040_usb.c.obj
                0x00000000100058fc                rp2040_usb_init
 .text.hw_endpoint_reset_transfer
                0x0000000010005948        0xc CMakeFiles/main.dir/home/aatir/pico/pico-sdk/lib/tinyusb/src/portable/raspberrypi/rp2040/rp2040_usb.c.obj
                0x0000000010005948                hw_endpoint_reset_transfer
 .text._hw_endpoint_buffer_control_update32
                0x0000000010005954       0x44 CMakeFiles/main.dir/home/aatir/pico/pico-sdk/lib/tinyusb/src/portable/raspberrypi/rp2040/rp2040_usb.c.obj
                0x0000000010005954                _hw_endpoint_buffer_control_update32
 .text.hw_endpoint_xfer_start
                0x0000000010005998      0x138 CMakeFiles/main.dir/home/aatir/pico/pico-sdk/lib/tinyusb/src/portable/raspberrypi/rp2040/rp2040_usb.c.obj
                0x0000000010005998                hw_endpoint_xfer_start
 .text.hw_endpoint_xfer_continue
                0x0000000010005ad0      0x1e4 CMakeFiles/main.dir/home/aatir/pico/pico-sdk/lib/tinyusb/src/portable/raspberrypi/rp2040/rp2040_usb.c.obj
                0x0000000010005ad0                hw_endpoint_xfer_continue
 .text.tud_mounted
                0x0000000010005cb4       0x10 CMakeFiles/main.dir/home/aatir/pico/pico-sdk/lib/tinyusb/src/device/usbd.c.obj
                0x0000000010005cb4                tud_mounted
 .text.tud_suspended
                0x0000000010005cc4       0x10 CMakeFiles/main.dir/home/aatir/pico/pico-sdk/lib/tinyusb/src/device/usbd.c.obj
                0x0000000010005cc4                tud_suspended
 .text.tud_inited
                0x0000000010005cd4        0xc CMakeFiles/main.dir/home/aatir/pico/pico-sdk/lib/tinyusb/src/device/usbd.c.obj
                0x0000000010005cd4                tud_inited
 .text.tud_init
                0x0000000010005ce0       0xd8 CMakeFiles/main.dir/home/aatir/pico/pico-sdk/lib/tinyusb/src/device/usbd.c.obj
                0x0000000010005ce0                tud_init
 .text.tud_task
                0x0000000010005db8      0x8ec CMakeFiles/main.dir/home/aatir/pico/pico-sdk/lib/tinyusb/src/device/usbd.c.obj
                0x0000000010005db8                tud_task
 .text.dcd_event_bus_signal
                0x00000000100066a4      0x120 CMakeFiles/main.dir/home/aatir/pico/pico-sdk/lib/tinyusb/src/device/usbd.c.obj
                0x00000000100066a4                dcd_event_bus_signal
 .text.dcd_event_bus_reset
                0x00000000100067c4       0x54 CMakeFiles/main.dir/home/aatir/pico/pico-sdk/lib/tinyusb/src/device/usbd.c.obj
                0x00000000100067c4                dcd_event_bus_reset
 .text.dcd_event_setup_received
                0x0000000010006818       0x50 CMakeFiles/main.dir/home/aatir/pico/pico-sdk/lib/tinyusb/src/device/usbd.c.obj
                0x0000000010006818                dcd_event_setup_received
 .text.dcd_event_xfer_complete
                0x0000000010006868       0x68 CMakeFiles/main.dir/home/aatir/pico/pico-sdk/lib/tinyusb/src/device/usbd.c.obj
                0x0000000010006868                dcd_event_xfer_complete
 .text.usbd_open_edpt_pair
                0x00000000100068d0       0x80 CMakeFiles/main.dir/home/aatir/pico/pico-sdk/lib/tinyusb/src/device/usbd.c.obj
                0x00000000100068d0                usbd_open_edpt_pair
 .text.usbd_edpt_open
                0x0000000010006950       0x30 CMakeFiles/main.dir/home/aatir/pico/pico-sdk/lib/tinyusb/src/device/usbd.c.obj
                0x0000000010006950                usbd_edpt_open
 .text.usbd_edpt_claim
                0x0000000010006980       0x64 CMakeFiles/main.dir/home/aatir/pico/pico-sdk/lib/tinyusb/src/device/usbd.c.obj
                0x0000000010006980                usbd_edpt_claim
 .text.usbd_edpt_release
                0x00000000100069e4       0x4c CMakeFiles/main.dir/home/aatir/pico/pico-sdk/lib/tinyusb/src/device/usbd.c.obj
                0x00000000100069e4                usbd_edpt_release
 .text.usbd_edpt_xfer
                0x0000000010006a30       0x48 CMakeFiles/main.dir/home/aatir/pico/pico-sdk/lib/tinyusb/src/device/usbd.c.obj
                0x0000000010006a30                usbd_edpt_xfer
 .text.tud_control_status
                0x0000000010006a78       0x30 CMakeFiles/main.dir/home/aatir/pico/pico-sdk/lib/tinyusb/src/device/usbd_control.c.obj
                0x0000000010006a78                tud_control_status
 .text.tud_control_xfer
                0x0000000010006aa8       0xbc CMakeFiles/main.dir/home/aatir/pico/pico-sdk/lib/tinyusb/src/device/usbd_control.c.obj
                0x0000000010006aa8                tud_control_xfer
 .text.usbd_control_reset
                0x0000000010006b64       0x14 CMakeFiles/main.dir/home/aatir/pico/pico-sdk/lib/tinyusb/src/device/usbd_control.c.obj
                0x0000000010006b64                usbd_control_reset
 .text.usbd_control_set_complete_callback
                0x0000000010006b78        0xc CMakeFiles/main.dir/home/aatir/pico/pico-sdk/lib/tinyusb/src/device/usbd_control.c.obj
                0x0000000010006b78                usbd_control_set_complete_callback
 .text.usbd_control_set_request
                0x0000000010006b84       0x1c CMakeFiles/main.dir/home/aatir/pico/pico-sdk/lib/tinyusb/src/device/usbd_control.c.obj
                0x0000000010006b84                usbd_control_set_request
 .text.usbd_control_xfer_cb
                0x0000000010006ba0       0xfc CMakeFiles/main.dir/home/aatir/pico/pico-sdk/lib/tinyusb/src/device/usbd_control.c.obj
                0x0000000010006ba0                usbd_control_xfer_cb
 .text.tud_cdc_n_connected
                0x0000000010006c9c       0x30 CMakeFiles/main.dir/home/aatir/pico/pico-sdk/lib/tinyusb/src/class/cdc/cdc_device.c.obj
                0x0000000010006c9c                tud_cdc_n_connected
 .text.tud_cdc_n_available
                0x0000000010006ccc       0x18 CMakeFiles/main.dir/home/aatir/pico/pico-sdk/lib/tinyusb/src/class/cdc/cdc_device.c.obj
                0x0000000010006ccc                tud_cdc_n_available
 .text.tud_cdc_n_read
                0x0000000010006ce4       0x70 CMakeFiles/main.dir/home/aatir/pico/pico-sdk/lib/tinyusb/src/class/cdc/cdc_device.c.obj
                0x0000000010006ce4                tud_cdc_n_read
 .text.tud_cdc_n_write_flush
                0x0000000010006d54       0x78 CMakeFiles/main.dir/home/aatir/pico/pico-sdk/lib/tinyusb/src/class/cdc/cdc_device.c.obj
                0x0000000010006d54                tud_cdc_n_write_flush
 .text.tud_cdc_n_write
                0x0000000010006dcc       0x34 CMakeFiles/main.dir/home/aatir/pico/pico-sdk/lib/tinyusb/src/class/cdc/cdc_device.c.obj
                0x0000000010006dcc                tud_cdc_n_write
 .text.tud_cdc_n_write_available
                0x0000000010006e00       0x18 CMakeFiles/main.dir/home/aatir/pico/pico-sdk/lib/tinyusb/src/class/cdc/cdc_device.c.obj
                0x0000000010006e00                tud_cdc_n_write_available
 .text.cdcd_init
                0x0000000010006e18       0x7c CMakeFiles/main.dir/home/aatir/pico/pico-sdk/lib/tinyusb/src/class/cdc/cdc_device.c.obj
                0x0000000010006e18                cdcd_init
 .text.cdcd_reset
                0x0000000010006e94       0x2c CMakeFiles/main.dir/home/aatir/pico/pico-sdk/lib/tinyusb/src/class/cdc/cdc_device.c.obj
                0x0000000010006e94                cdcd_reset
 .text.cdcd_open
                0x0000000010006ec0       0xe4 CMakeFiles/main.dir/home/aatir/pico/pico-sdk/lib/tinyusb/src/class/cdc/cdc_device.c.obj
                0x0000000010006ec0                cdcd_open
 .text.cdcd_control_xfer_cb
                0x0000000010006fa4       0xe4 CMakeFiles/main.dir/home/aatir/pico/pico-sdk/lib/tinyusb/src/class/cdc/cdc_device.c.obj
                0x0000000010006fa4                cdcd_control_xfer_cb
 .text.cdcd_xfer_cb
                0x0000000010007088      0x148 CMakeFiles/main.dir/home/aatir/pico/pico-sdk/lib/tinyusb/src/class/cdc/cdc_device.c.obj
                0x0000000010007088                cdcd_xfer_cb
 .text.tusb_init
                0x00000000100071d0        0xc CMakeFiles/main.dir/home/aatir/pico/pico-sdk/lib/tinyusb/src/tusb.c.obj
                0x00000000100071d0                tusb_init
 .text.tusb_inited
                0x00000000100071dc        0x8 CMakeFiles/main.dir/home/aatir/pico/pico-sdk/lib/tinyusb/src/tusb.c.obj
                0x00000000100071dc                tusb_inited
 .text.tu_edpt_validate
                0x00000000100071e4       0x78 CMakeFiles/main.dir/home/aatir/pico/pico-sdk/lib/tinyusb/src/tusb.c.obj
                0x00000000100071e4                tu_edpt_validate
 .text.tu_edpt_bind_driver
                0x000000001000725c       0x2c CMakeFiles/main.dir/home/aatir/pico/pico-sdk/lib/tinyusb/src/tusb.c.obj
                0x000000001000725c                tu_edpt_bind_driver
 .text.tu_fifo_config
                0x0000000010007288       0x78 CMakeFiles/main.dir/home/aatir/pico/pico-sdk/lib/tinyusb/src/common/tusb_fifo.c.obj
                0x0000000010007288                tu_fifo_config
 .text.tu_fifo_count
                0x0000000010007300       0x20 CMakeFiles/main.dir/home/aatir/pico/pico-sdk/lib/tinyusb/src/common/tusb_fifo.c.obj
                0x0000000010007300                tu_fifo_count
 .text.tu_fifo_empty
                0x0000000010007320       0x10 CMakeFiles/main.dir/home/aatir/pico/pico-sdk/lib/tinyusb/src/common/tusb_fifo.c.obj
                0x0000000010007320                tu_fifo_empty
 .text.tu_fifo_remaining
                0x0000000010007330       0x1c CMakeFiles/main.dir/home/aatir/pico/pico-sdk/lib/tinyusb/src/common/tusb_fifo.c.obj
                0x0000000010007330                tu_fifo_remaining
 .text.tu_fifo_read
                0x000000001000734c       0x9c CMakeFiles/main.dir/home/aatir/pico/pico-sdk/lib/tinyusb/src/common/tusb_fifo.c.obj
                0x000000001000734c                tu_fifo_read
 .text.tu_fifo_read_n
                0x00000000100073e8      0x100 CMakeFiles/main.dir/home/aatir/pico/pico-sdk/lib/tinyusb/src/common/tusb_fifo.c.obj
                0x00000000100073e8                tu_fifo_read_n
 .text.tu_fifo_write
                0x00000000100074e8       0x7c CMakeFiles/main.dir/home/aatir/pico/pico-sdk/lib/tinyusb/src/common/tusb_fifo.c.obj
                0x00000000100074e8                tu_fifo_write
 .text.tu_fifo_write_n
                0x0000000010007564      0x100 CMakeFiles/main.dir/home/aatir/pico/pico-sdk/lib/tinyusb/src/common/tusb_fifo.c.obj
                0x0000000010007564                tu_fifo_write_n
 .text.tu_fifo_clear
                0x0000000010007664       0x4c CMakeFiles/main.dir/home/aatir/pico/pico-sdk/lib/tinyusb/src/common/tusb_fifo.c.obj
                0x0000000010007664                tu_fifo_clear
 .text.tu_fifo_set_overwritable
                0x00000000100076b0       0x3c CMakeFiles/main.dir/home/aatir/pico/pico-sdk/lib/tinyusb/src/common/tusb_fifo.c.obj
                0x00000000100076b0                tu_fifo_set_overwritable
 .text.startup._retrieve_unique_id_on_boot
                0x00000000100076ec       0x10 CMakeFiles/main.dir/home/aatir/pico/pico-sdk/src/rp2_common/pico_unique_id/unique_id.c.obj
 .text.pico_get_unique_board_id_string
                0x00000000100076fc      0x1a8 CMakeFiles/main.dir/home/aatir/pico/pico-sdk/src/rp2_common/pico_unique_id/unique_id.c.obj
                0x00000000100076fc                pico_get_unique_board_id_string
 .text.flash_get_unique_id
                0x00000000100078a4       0x40 CMakeFiles/main.dir/home/aatir/pico/pico-sdk/src/rp2_common/hardware_flash/flash.c.obj
                0x00000000100078a4                flash_get_unique_id
 .text.spi_init
                0x00000000100078e4       0xf8 CMakeFiles/main.dir/home/aatir/pico/pico-sdk/src/rp2_common/hardware_spi/spi.c.obj
                0x00000000100078e4                spi_init
 .text.i2c_set_baudrate
                0x00000000100079dc       0xc4 CMakeFiles/main.dir/home/aatir/pico/pico-sdk/src/rp2_common/hardware_i2c/i2c.c.obj
                0x00000000100079dc                i2c_set_baudrate
 .text.i2c_init
                0x0000000010007aa0       0x54 CMakeFiles/main.dir/home/aatir/pico/pico-sdk/src/rp2_common/hardware_i2c/i2c.c.obj
                0x0000000010007aa0                i2c_init
 .text.i2c_write_blocking
                0x0000000010007af4       0xd0 CMakeFiles/main.dir/home/aatir/pico/pico-sdk/src/rp2_common/hardware_i2c/i2c.c.obj
                0x0000000010007af4                i2c_write_blocking
 .text.i2c_read_blocking
                0x0000000010007bc4       0xac CMakeFiles/main.dir/home/aatir/pico/pico-sdk/src/rp2_common/hardware_i2c/i2c.c.obj
                0x0000000010007bc4                i2c_read_blocking
 .text.timer_screen_refresh_cb
                0x0000000010007c70       0x18 examples/libexamples.a(LCD_1in28_test.c.obj)
                0x0000000010007c70                timer_screen_refresh_cb
 .text.Touch_INT_callback
                0x0000000010007c88       0x40 examples/libexamples.a(LCD_1in28_test.c.obj)
                0x0000000010007c88                Touch_INT_callback
 .text.Touch_HandWriting
                0x0000000010007cc8      0x2a8 examples/libexamples.a(LCD_1in28_test.c.obj)
                0x0000000010007cc8                Touch_HandWriting
 .text.Touch_Gesture
                0x0000000010007f70      0x280 examples/libexamples.a(LCD_1in28_test.c.obj)
                0x0000000010007f70                Touch_Gesture
 .text.LCD_1in28_test
                0x00000000100081f0      0x274 examples/libexamples.a(LCD_1in28_test.c.obj)
                0x00000000100081f0                LCD_1in28_test
 .text.LCD_1IN28_Init
                0x0000000010008464      0xa90 lib/LCD/libLCD.a(LCD_1in28.c.obj)
                0x0000000010008464                LCD_1IN28_Init
 .text.LCD_1IN28_SetWindows
                0x0000000010008ef4       0xb0 lib/LCD/libLCD.a(LCD_1in28.c.obj)
                0x0000000010008ef4                LCD_1IN28_SetWindows
 .text.LCD_1IN28_Clear
                0x0000000010008fa4       0x54 lib/LCD/libLCD.a(LCD_1in28.c.obj)
                0x0000000010008fa4                LCD_1IN28_Clear
 .text.LCD_1IN28_Display
                0x0000000010008ff8       0x34 lib/LCD/libLCD.a(LCD_1in28.c.obj)
                0x0000000010008ff8                LCD_1IN28_Display
 .text.LCD_1IN28_DisplayWindows
                0x000000001000902c       0x8c lib/LCD/libLCD.a(LCD_1in28.c.obj)
                0x000000001000902c                LCD_1IN28_DisplayWindows
 .text.Touch_1IN28_Set_Mode
                0x00000000100090b8       0x60 lib/LCD/libLCD.a(Touch_1in28.c.obj)
                0x00000000100090b8                Touch_1IN28_Set_Mode
 .text.Touch_1IN28_init
                0x0000000010009118       0x7c lib/LCD/libLCD.a(Touch_1in28.c.obj)
                0x0000000010009118                Touch_1IN28_init
 .text.Touch_1IN28_Get_Point
                0x0000000010009194       0x44 lib/LCD/libLCD.a(Touch_1in28.c.obj)
                0x0000000010009194                Touch_1IN28_Get_Point
 .text.Paint_SetPixel.part.0
                0x00000000100091d8      0x12c lib/GUI/libGUI.a(GUI_Paint.c.obj)
 .text.Paint_DrawChar.part.0
                0x0000000010009304       0xf8 lib/GUI/libGUI.a(GUI_Paint.c.obj)
 .text.Paint_DrawPoint.constprop.0
                0x00000000100093fc      0x35c lib/GUI/libGUI.a(GUI_Paint.c.obj)
 .text.Paint_DrawPoint.constprop.1
                0x0000000010009758      0x31c lib/GUI/libGUI.a(GUI_Paint.c.obj)
 .text.Paint_DrawLine.constprop.0
                0x0000000010009a74       0xd8 lib/GUI/libGUI.a(GUI_Paint.c.obj)
 .text.Paint_NewImage
                0x0000000010009b4c       0x44 lib/GUI/libGUI.a(GUI_Paint.c.obj)
                0x0000000010009b4c                Paint_NewImage
 .text.Paint_SetRotate
                0x0000000010009b90       0x20 lib/GUI/libGUI.a(GUI_Paint.c.obj)
                0x0000000010009b90                Paint_SetRotate
 .text.Paint_SetScale
                0x0000000010009bb0       0x6c lib/GUI/libGUI.a(GUI_Paint.c.obj)
                0x0000000010009bb0                Paint_SetScale
 .text.Paint_Clear
                0x0000000010009c1c       0xc4 lib/GUI/libGUI.a(GUI_Paint.c.obj)
                0x0000000010009c1c                Paint_Clear
 .text.Paint_ClearWindows
                0x0000000010009ce0      0x1a8 lib/GUI/libGUI.a(GUI_Paint.c.obj)
                0x0000000010009ce0                Paint_ClearWindows
 .text.Paint_DrawPoint
                0x0000000010009e88      0x2ec lib/GUI/libGUI.a(GUI_Paint.c.obj)
                0x0000000010009e88                Paint_DrawPoint
 .text.Paint_DrawLine
                0x000000001000a174      0x454 lib/GUI/libGUI.a(GUI_Paint.c.obj)
                0x000000001000a174                Paint_DrawLine
 .text.Paint_DrawRectangle
                0x000000001000a5c8      0x128 lib/GUI/libGUI.a(GUI_Paint.c.obj)
                0x000000001000a5c8                Paint_DrawRectangle
 .text.Paint_DrawCircle
                0x000000001000a6f0      0x250 lib/GUI/libGUI.a(GUI_Paint.c.obj)
                0x000000001000a6f0                Paint_DrawCircle
 .text.Paint_DrawString_EN
                0x000000001000a940       0xa4 lib/GUI/libGUI.a(GUI_Paint.c.obj)
                0x000000001000a940                Paint_DrawString_EN
 .text.Paint_DrawString_CN
                0x000000001000a9e4      0x228 lib/GUI/libGUI.a(GUI_Paint.c.obj)
                0x000000001000a9e4                Paint_DrawString_CN
 .text.Paint_DrawNum
                0x000000001000ac0c      0x298 lib/GUI/libGUI.a(GUI_Paint.c.obj)
                0x000000001000ac0c                Paint_DrawNum
 .text.Paint_DrawImage
                0x000000001000aea4       0x98 lib/GUI/libGUI.a(GUI_Paint.c.obj)
                0x000000001000aea4                Paint_DrawImage
 .text.DEV_Digital_Write
                0x000000001000af3c       0x14 lib/Config/libConfig.a(DEV_Config.c.obj)
                0x000000001000af3c                DEV_Digital_Write
 .text.DEV_IRQ_SET
                0x000000001000af50        0x8 lib/Config/libConfig.a(DEV_Config.c.obj)
                0x000000001000af50                DEV_IRQ_SET
 .text.DEV_SPI_WriteByte
                0x000000001000af58       0x1c lib/Config/libConfig.a(DEV_Config.c.obj)
                0x000000001000af58                DEV_SPI_WriteByte
 .text.DEV_SPI_Write_nByte
                0x000000001000af74       0x14 lib/Config/libConfig.a(DEV_Config.c.obj)
                0x000000001000af74                DEV_SPI_Write_nByte
 .text.DEV_I2C_Write_Byte
                0x000000001000af88       0x24 lib/Config/libConfig.a(DEV_Config.c.obj)
                0x000000001000af88                DEV_I2C_Write_Byte
 .text.DEV_I2C_Read_Byte
                0x000000001000afac       0x38 lib/Config/libConfig.a(DEV_Config.c.obj)
                0x000000001000afac                DEV_I2C_Read_Byte
 .text.DEV_I2C_Read_nByte
                0x000000001000afe4       0x38 lib/Config/libConfig.a(DEV_Config.c.obj)
                0x000000001000afe4                DEV_I2C_Read_nByte
 .text.DEV_SET_PWM
                0x000000001000b01c       0x40 lib/Config/libConfig.a(DEV_Config.c.obj)
                0x000000001000b01c                DEV_SET_PWM
 .text.DEV_Delay_ms
                0x000000001000b05c        0x8 lib/Config/libConfig.a(DEV_Config.c.obj)
                0x000000001000b05c                DEV_Delay_ms
 .text.DEV_Module_Init
                0x000000001000b064      0x114 lib/Config/libConfig.a(DEV_Config.c.obj)
                0x000000001000b064                DEV_Module_Init
 .text          0x000000001000b178       0x28 /usr/lib/gcc/arm-none-eabi/10.3.1/../../../arm-none-eabi/lib/thumb/v6-m/nofp/libc.a(lib_a-malloc.o)
                0x000000001000b178                malloc
                0x000000001000b18c                free
 .text          0x000000001000b1a0      0x574 /usr/lib/gcc/arm-none-eabi/10.3.1/../../../arm-none-eabi/lib/thumb/v6-m/nofp/libc.a(lib_a-mallocr.o)
                0x000000001000b1a0                _malloc_r
 .text          0x000000001000b714        0x8 /usr/lib/gcc/arm-none-eabi/10.3.1/../../../arm-none-eabi/lib/thumb/v6-m/nofp/libc.a(lib_a-mlock.o)
                0x000000001000b714                __malloc_lock
                0x000000001000b718                __malloc_unlock
 .text          0x000000001000b71c       0x24 /usr/lib/gcc/arm-none-eabi/10.3.1/../../../arm-none-eabi/lib/thumb/v6-m/nofp/libc.a(lib_a-sbrkr.o)
                0x000000001000b71c                _sbrk_r
 .text          0x000000001000b740       0x5c /usr/lib/gcc/arm-none-eabi/10.3.1/../../../arm-none-eabi/lib/thumb/v6-m/nofp/libc.a(lib_a-strlen-stub.o)
                0x000000001000b740                strlen
 .text          0x000000001000b79c      0x260 /usr/lib/gcc/arm-none-eabi/10.3.1/../../../arm-none-eabi/lib/thumb/v6-m/nofp/libc.a(lib_a-freer.o)
                0x000000001000b79c                _malloc_trim_r
                0x000000001000b838                _free_r
 *(.fini)
 .fini          0x000000001000b9fc        0x4 /usr/lib/gcc/arm-none-eabi/10.3.1/thumb/v6-m/nofp/crti.o
                0x000000001000b9fc                _fini
 .fini.__stub   0x000000001000ba00       0x80 linker stubs
 *crtbegin.o(.ctors)
 *crtbegin?.o(.ctors)
 *(EXCLUDE_FILE(*crtend.o *crtend?.o) .ctors)
 *(SORT_BY_NAME(.ctors.*))
 *(.ctors)
 *crtbegin.o(.dtors)
 *crtbegin?.o(.dtors)
 *(EXCLUDE_FILE(*crtend.o *crtend?.o) .dtors)
 *(SORT_BY_NAME(.dtors.*))
 *(.dtors)
 *(.eh_frame*)
 .eh_frame      0x000000001000ba80        0x0 /usr/lib/gcc/arm-none-eabi/10.3.1/thumb/v6-m/nofp/crtbegin.o
                0x000000001000ba80                . = ALIGN (0x4)

.glue_7         0x000000001000ba80        0x0
 .glue_7        0x000000001000ba80        0x0 linker stubs

.glue_7t        0x000000001000ba80        0x0
 .glue_7t       0x000000001000ba80        0x0 linker stubs

.vfp11_veneer   0x000000001000ba80        0x0
 .vfp11_veneer  0x000000001000ba80        0x0 linker stubs

.v4_bx          0x000000001000ba80        0x0
 .v4_bx         0x000000001000ba80        0x0 linker stubs

.iplt           0x000000001000ba80        0x0
 .iplt          0x000000001000ba80        0x0 /usr/lib/gcc/arm-none-eabi/10.3.1/thumb/v6-m/nofp/crtbegin.o

.rodata         0x000000001000ba80    0x63180
 *(EXCLUDE_FILE(*libm.a: *libc.a:*lib_a-mem*.o *libgcc.a:) .rodata*)
 .rodata.spin_lock_claim_unused.str1.4
                0x000000001000ba80       0x1b CMakeFiles/main.dir/home/aatir/pico/pico-sdk/src/rp2_common/hardware_sync/sync.c.obj
 *fill*         0x000000001000ba9b        0x1 
 .rodata.user_irq_claim_unused.str1.4
                0x000000001000ba9c       0x1b CMakeFiles/main.dir/home/aatir/pico/pico-sdk/src/rp2_common/hardware_irq/irq.c.obj
 *fill*         0x000000001000bab7        0x1 
 .rodata.hardware_alarm_claim.str1.4
                0x000000001000bab8       0x22 CMakeFiles/main.dir/home/aatir/pico/pico-sdk/src/rp2_common/hardware_timer/timer.c.obj
 *fill*         0x000000001000bada        0x2 
 .rodata.panic.str1.4
                0x000000001000badc       0x12 CMakeFiles/main.dir/home/aatir/pico/pico-sdk/src/rp2_common/pico_runtime/runtime.c.obj
 *fill*         0x000000001000baee        0x2 
 .rodata.hard_assertion_failure.str1.4
                0x000000001000baf0        0xc CMakeFiles/main.dir/home/aatir/pico/pico-sdk/src/rp2_common/pico_runtime/runtime.c.obj
 .rodata._ftoa.str1.4
                0x000000001000bafc       0x15 CMakeFiles/main.dir/home/aatir/pico/pico-sdk/src/rp2_common/pico_printf/printf.c.obj
 *fill*         0x000000001000bb11        0x3 
 .rodata._vsnprintf
                0x000000001000bb14      0x1e0 CMakeFiles/main.dir/home/aatir/pico/pico-sdk/src/rp2_common/pico_printf/printf.c.obj
 *fill*         0x000000001000bcf4        0x4 
 .rodata.pow10.0
                0x000000001000bcf8       0x50 CMakeFiles/main.dir/home/aatir/pico/pico-sdk/src/rp2_common/pico_printf/printf.c.obj
 .rodata.__wrap_malloc.str1.4
                0x000000001000bd48        0xe CMakeFiles/main.dir/home/aatir/pico/pico-sdk/src/rp2_common/pico_malloc/pico_malloc.c.obj
 *fill*         0x000000001000bd56        0x2 
 .rodata.str1.4
                0x000000001000bd58       0x3c CMakeFiles/main.dir/home/aatir/pico/pico-sdk/src/rp2_common/pico_standard_link/binary_info.c.obj
 .rodata.__bi_44
                0x000000001000bd94        0xc CMakeFiles/main.dir/home/aatir/pico/pico-sdk/src/rp2_common/pico_standard_link/binary_info.c.obj
 .rodata.__bi_75
                0x000000001000bda0        0xc CMakeFiles/main.dir/home/aatir/pico/pico-sdk/src/rp2_common/pico_standard_link/binary_info.c.obj
 .rodata.__bi_81
                0x000000001000bdac        0xc CMakeFiles/main.dir/home/aatir/pico/pico-sdk/src/rp2_common/pico_standard_link/binary_info.c.obj
 .rodata.crlf_str.0
                0x000000001000bdb8        0x2 CMakeFiles/main.dir/home/aatir/pico/pico-sdk/src/rp2_common/pico_stdio/stdio.c.obj
 *fill*         0x000000001000bdba        0x2 
 .rodata.str1.4
                0x000000001000bdbc       0x2c CMakeFiles/main.dir/home/aatir/pico/pico-sdk/src/rp2_common/pico_stdio_uart/stdio_uart.c.obj
 .rodata.__bi_28.4
                0x000000001000bde8        0xc CMakeFiles/main.dir/home/aatir/pico/pico-sdk/src/rp2_common/pico_stdio_uart/stdio_uart.c.obj
 .rodata.__bi_29.5
                0x000000001000bdf4        0x8 CMakeFiles/main.dir/home/aatir/pico/pico-sdk/src/rp2_common/pico_stdio_uart/stdio_uart.c.obj
 .rodata._resetd_driver
                0x000000001000bdfc       0x18 CMakeFiles/main.dir/home/aatir/pico/pico-sdk/src/rp2_common/pico_stdio_usb/reset_interface.c.obj
 .rodata.str1.4
                0x000000001000be14       0x13 CMakeFiles/main.dir/home/aatir/pico/pico-sdk/src/rp2_common/pico_stdio_usb/stdio_usb.c.obj
 *fill*         0x000000001000be27        0x1 
 .rodata.__bi_118.0
                0x000000001000be28        0xc CMakeFiles/main.dir/home/aatir/pico/pico-sdk/src/rp2_common/pico_stdio_usb/stdio_usb.c.obj
 .rodata.str1.4
                0x000000001000be34       0x2a CMakeFiles/main.dir/home/aatir/pico/pico-sdk/src/rp2_common/pico_stdio_usb/stdio_usb_descriptors.c.obj
 *fill*         0x000000001000be5e        0x2 
 .rodata.usbd_desc_cfg
                0x000000001000be60       0x54 CMakeFiles/main.dir/home/aatir/pico/pico-sdk/src/rp2_common/pico_stdio_usb/stdio_usb_descriptors.c.obj
 .rodata.usbd_desc_device
                0x000000001000beb4       0x12 CMakeFiles/main.dir/home/aatir/pico/pico-sdk/src/rp2_common/pico_stdio_usb/stdio_usb_descriptors.c.obj
 *fill*         0x000000001000bec6        0x2 
 .rodata.usbd_desc_str
                0x000000001000bec8       0x18 CMakeFiles/main.dir/home/aatir/pico/pico-sdk/src/rp2_common/pico_stdio_usb/stdio_usb_descriptors.c.obj
 .rodata.dcd_rp2040_irq.str1.4
                0x000000001000bee0       0x14 CMakeFiles/main.dir/home/aatir/pico/pico-sdk/lib/tinyusb/src/portable/raspberrypi/rp2040/dcd_rp2040.c.obj
 .rodata._hw_endpoint_buffer_control_update32.part.0.isra.0.str1.4
                0x000000001000bef4       0x1f CMakeFiles/main.dir/home/aatir/pico/pico-sdk/lib/tinyusb/src/portable/raspberrypi/rp2040/rp2040_usb.c.obj
 *fill*         0x000000001000bf13        0x1 
 .rodata.hw_endpoint_xfer_continue.str1.4
                0x000000001000bf14       0x29 CMakeFiles/main.dir/home/aatir/pico/pico-sdk/lib/tinyusb/src/portable/raspberrypi/rp2040/rp2040_usb.c.obj
 .rodata.str1.4
                0x000000001000bf3d       0x29 CMakeFiles/main.dir/home/aatir/pico/pico-sdk/lib/tinyusb/src/portable/raspberrypi/rp2040/rp2040_usb.c.obj
                                          0x7 (size before relaxing)
 *fill*         0x000000001000bf3d        0x3 
 .rodata.tud_task
                0x000000001000bf40       0x8c CMakeFiles/main.dir/home/aatir/pico/pico-sdk/lib/tinyusb/src/device/usbd.c.obj
 .rodata._usbd_driver
                0x000000001000bfcc       0x18 CMakeFiles/main.dir/home/aatir/pico/pico-sdk/lib/tinyusb/src/device/usbd.c.obj
 .rodata.Touch_HandWriting.str1.4
                0x000000001000bfe4        0xd examples/libexamples.a(LCD_1in28_test.c.obj)
 *fill*         0x000000001000bff1        0x3 
 .rodata.Touch_Gesture.str1.4
                0x000000001000bff4       0x5d examples/libexamples.a(LCD_1in28_test.c.obj)
 *fill*         0x000000001000c051        0x3 
 .rodata.LCD_1in28_test.str1.4
                0x000000001000c054       0x66 examples/libexamples.a(LCD_1in28_test.c.obj)
 *fill*         0x000000001000c0ba        0x2 
 .rodata.gImage_1inch28_1
                0x000000001000c0bc    0x1c200 examples/libexamples.a(ImageData.c.obj)
                0x000000001000c0bc                gImage_1inch28_1
 .rodata.gImage_double_click
                0x00000000100282bc     0xafc8 examples/libexamples.a(ImageData.c.obj)
                0x00000000100282bc                gImage_double_click
 .rodata.gImage_down
                0x0000000010033284     0xafc8 examples/libexamples.a(ImageData.c.obj)
                0x0000000010033284                gImage_down
 .rodata.gImage_left
                0x000000001003e24c     0xafc8 examples/libexamples.a(ImageData.c.obj)
                0x000000001003e24c                gImage_left
 .rodata.gImage_long_press
                0x0000000010049214     0xafc8 examples/libexamples.a(ImageData.c.obj)
                0x0000000010049214                gImage_long_press
 .rodata.gImage_right
                0x00000000100541dc     0xafc8 examples/libexamples.a(ImageData.c.obj)
                0x00000000100541dc                gImage_right
 .rodata.gImage_up
                0x000000001005f1a4     0xafc8 examples/libexamples.a(ImageData.c.obj)
                0x000000001005f1a4                gImage_up
 .rodata.Touch_1IN28_init.str1.4
                0x000000001006a16c       0x52 lib/LCD/libLCD.a(Touch_1in28.c.obj)
 *fill*         0x000000001006a1be        0x2 
 .rodata.Paint_DrawPoint.constprop.0.str1.4
                0x000000001006a1c0       0x49 lib/GUI/libGUI.a(GUI_Paint.c.obj)
 *fill*         0x000000001006a209        0x3 
 .rodata        0x000000001006a20c      0xbe0 lib/Fonts/libFonts.a(font16.c.obj)
                0x000000001006a20c                Font16_Table
 .rodata        0x000000001006adec      0xed8 lib/Fonts/libFonts.a(font20.c.obj)
                0x000000001006adec                Font20_Table
 .rodata        0x000000001006bcc4     0x1ab8 lib/Fonts/libFonts.a(font24.c.obj)
                0x000000001006bcc4                Font24_Table
 .rodata        0x000000001006d77c     0x1458 lib/Fonts/libFonts.a(font24CN.c.obj)
                0x000000001006d77c                Font24CN_Table
 .rodata.DEV_SET_PWM.str1.4
                0x000000001006ebd4       0x14 lib/Config/libConfig.a(DEV_Config.c.obj)
 .rodata.DEV_Module_Init.str1.4
                0x000000001006ebe8       0x15 lib/Config/libConfig.a(DEV_Config.c.obj)
                0x000000001006ec00                . = ALIGN (0x4)
 *fill*         0x000000001006ebfd        0x3 
 *(SORT_BY_ALIGNMENT(SORT_BY_NAME(.flashdata*)))
                0x000000001006ec00                . = ALIGN (0x4)

.rel.dyn        0x000000001006ec00        0x0
 .rel.iplt      0x000000001006ec00        0x0 /usr/lib/gcc/arm-none-eabi/10.3.1/thumb/v6-m/nofp/crtbegin.o

.ARM.extab
 *(.ARM.extab* .gnu.linkonce.armextab.*)
                0x000000001006ec00                __exidx_start = .

.ARM.exidx
 *(.ARM.exidx* .gnu.linkonce.armexidx.*)
                0x000000001006ec00                __exidx_end = .
                0x000000001006ec00                . = ALIGN (0x4)
                0x000000001006ec00                __binary_info_start = .

.binary_info    0x000000001006ec00       0x28
 *(.binary_info.keep.*)
 .binary_info.keep.__bi_ptr22
                0x000000001006ec00        0x4 CMakeFiles/main.dir/home/aatir/pico/pico-sdk/src/rp2_common/pico_standard_link/binary_info.c.obj
 .binary_info.keep.__bi_ptr30
                0x000000001006ec04        0x4 CMakeFiles/main.dir/home/aatir/pico/pico-sdk/src/rp2_common/pico_standard_link/binary_info.c.obj
 .binary_info.keep.__bi_ptr38
                0x000000001006ec08        0x4 CMakeFiles/main.dir/home/aatir/pico/pico-sdk/src/rp2_common/pico_standard_link/binary_info.c.obj
 .binary_info.keep.__bi_ptr44
                0x000000001006ec0c        0x4 CMakeFiles/main.dir/home/aatir/pico/pico-sdk/src/rp2_common/pico_standard_link/binary_info.c.obj
 .binary_info.keep.__bi_ptr50
                0x000000001006ec10        0x4 CMakeFiles/main.dir/home/aatir/pico/pico-sdk/src/rp2_common/pico_standard_link/binary_info.c.obj
 .binary_info.keep.__bi_ptr75
                0x000000001006ec14        0x4 CMakeFiles/main.dir/home/aatir/pico/pico-sdk/src/rp2_common/pico_standard_link/binary_info.c.obj
 .binary_info.keep.__bi_ptr81
                0x000000001006ec18        0x4 CMakeFiles/main.dir/home/aatir/pico/pico-sdk/src/rp2_common/pico_standard_link/binary_info.c.obj
 *(.binary_info.*)
 .binary_info.__bi_ptr28
                0x000000001006ec1c        0x4 CMakeFiles/main.dir/home/aatir/pico/pico-sdk/src/rp2_common/pico_stdio_uart/stdio_uart.c.obj
 .binary_info.__bi_ptr29
                0x000000001006ec20        0x4 CMakeFiles/main.dir/home/aatir/pico/pico-sdk/src/rp2_common/pico_stdio_uart/stdio_uart.c.obj
 .binary_info.__bi_ptr118
                0x000000001006ec24        0x4 CMakeFiles/main.dir/home/aatir/pico/pico-sdk/src/rp2_common/pico_stdio_usb/stdio_usb.c.obj
                0x000000001006ec28                __binary_info_end = .
                0x000000001006ec28                . = ALIGN (0x4)
                0x000000001006ec28                __etext = .

.ram_vector_table
                0x0000000020000000       0xc0
 *(.ram_vector_table)
 .ram_vector_table
                0x0000000020000000       0xc0 CMakeFiles/main.dir/home/aatir/pico/pico-sdk/src/rp2_common/pico_runtime/runtime.c.obj
                0x0000000020000000                ram_vector_table

.data           0x00000000200000c0      0xc98 load address 0x000000001006ec28
                0x00000000200000c0                __data_start__ = .
 *(vtable)
 *(.time_critical*)
 .time_critical.mutex_enter_blocking
                0x00000000200000c0       0x48 CMakeFiles/main.dir/home/aatir/pico/pico-sdk/src/common/pico_sync/mutex.c.obj
                0x00000000200000c0                mutex_enter_blocking
 .time_critical.mutex_try_enter
                0x0000000020000108       0x44 CMakeFiles/main.dir/home/aatir/pico/pico-sdk/src/common/pico_sync/mutex.c.obj
                0x0000000020000108                mutex_try_enter
 .time_critical.mutex_enter_timeout_ms
                0x000000002000014c       0xa0 CMakeFiles/main.dir/home/aatir/pico/pico-sdk/src/common/pico_sync/mutex.c.obj
                0x000000002000014c                mutex_enter_timeout_ms
 .time_critical.mutex_exit
                0x00000000200001ec       0x28 CMakeFiles/main.dir/home/aatir/pico/pico-sdk/src/common/pico_sync/mutex.c.obj
                0x00000000200001ec                mutex_exit
 .time_critical.flash_init_boot2_copyout
                0x0000000020000214       0x30 CMakeFiles/main.dir/home/aatir/pico/pico-sdk/src/rp2_common/hardware_flash/flash.c.obj
 .time_critical.flash_enable_xip_via_boot2
                0x0000000020000244       0x10 CMakeFiles/main.dir/home/aatir/pico/pico-sdk/src/rp2_common/hardware_flash/flash.c.obj
 .time_critical.flash_cs_force
                0x0000000020000254       0x38 CMakeFiles/main.dir/home/aatir/pico/pico-sdk/src/rp2_common/hardware_flash/flash.c.obj
 .time_critical.flash_do_cmd
                0x000000002000028c       0xc4 CMakeFiles/main.dir/home/aatir/pico/pico-sdk/src/rp2_common/hardware_flash/flash.c.obj
                0x000000002000028c                flash_do_cmd
 .time_critical.spi_write_blocking
                0x0000000020000350       0x4c CMakeFiles/main.dir/home/aatir/pico/pico-sdk/src/rp2_common/hardware_spi/spi.c.obj
                0x0000000020000350                spi_write_blocking
 *(.text*)
 .text          0x000000002000039c        0x4 /usr/lib/gcc/arm-none-eabi/10.3.1/thumb/v6-m/nofp/libgcc.a(_dvmd_tls.o)
                0x000000002000039c                __aeabi_ldiv0
                0x000000002000039c                __aeabi_idiv0
 .text.__stub   0x00000000200003a0       0x30 linker stubs
                0x00000000200003d0                . = ALIGN (0x4)
 *(.rodata*)
                0x00000000200003d0                . = ALIGN (0x4)
 *(.data*)
 .data.striped_spin_lock_num
                0x00000000200003d0        0x1 CMakeFiles/main.dir/home/aatir/pico/pico-sdk/src/rp2_common/hardware_sync/sync.c.obj
 *fill*         0x00000000200003d1        0x3 
 .data          0x00000000200003d4       0x48 CMakeFiles/main.dir/home/aatir/pico/pico-sdk/src/rp2_common/hardware_irq/irq_handler_chain.S.obj
                0x00000000200003d4                irq_handler_chain_slots
                0x0000000020000404                irq_handler_chain_first_slot
                0x000000002000040e                irq_handler_chain_remove_tail
 .data.default_alarm_pool
                0x000000002000041c       0x18 CMakeFiles/main.dir/home/aatir/pico/pico-sdk/src/common/pico_time/time.c.obj
 .data.default_alarm_pool_heap
                0x0000000020000434       0x10 CMakeFiles/main.dir/home/aatir/pico/pico-sdk/src/common/pico_time/time.c.obj
 *fill*         0x0000000020000444        0xc 
 .data.aeabi_bits_funcs
                0x0000000020000450       0x10 CMakeFiles/main.dir/home/aatir/pico/pico-sdk/src/rp2_common/pico_bit_ops/bit_ops_aeabi.S.obj
                0x0000000020000450                aeabi_bits_funcs
                0x0000000020000460                aeabi_bits_funcs_end
 .data.aeabi_mem_funcs
                0x0000000020000460       0x10 CMakeFiles/main.dir/home/aatir/pico/pico-sdk/src/rp2_common/pico_mem_ops/mem_ops_aeabi.S.obj
                0x0000000020000460                aeabi_mem_funcs
                0x0000000020000470                aeabi_mem_funcs_end
 .data.stdio_uart
                0x0000000020000470       0x14 CMakeFiles/main.dir/home/aatir/pico/pico-sdk/src/rp2_common/pico_stdio_uart/stdio_uart.c.obj
                0x0000000020000470                stdio_uart
 .data.stdio_usb
                0x0000000020000484       0x14 CMakeFiles/main.dir/home/aatir/pico/pico-sdk/src/rp2_common/pico_stdio_usb/stdio_usb.c.obj
                0x0000000020000484                stdio_usb
 .data.ep_dir_string
                0x0000000020000498        0x8 CMakeFiles/main.dir/home/aatir/pico/pico-sdk/lib/tinyusb/src/portable/raspberrypi/rp2040/rp2040_usb.c.obj
                0x0000000020000498                ep_dir_string
 .data._usbd_qdef
                0x00000000200004a0       0x24 CMakeFiles/main.dir/home/aatir/pico/pico-sdk/lib/tinyusb/src/device/usbd.c.obj
                0x00000000200004a0                _usbd_qdef
 .data.i2c0_inst
                0x00000000200004c4        0x8 CMakeFiles/main.dir/home/aatir/pico/pico-sdk/src/rp2_common/hardware_i2c/i2c.c.obj
                0x00000000200004c4                i2c0_inst
 .data.i2c1_inst
                0x00000000200004cc        0x8 CMakeFiles/main.dir/home/aatir/pico/pico-sdk/src/rp2_common/hardware_i2c/i2c.c.obj
                0x00000000200004cc                i2c1_inst
 .data          0x00000000200004d4        0x8 lib/Fonts/libFonts.a(font16.c.obj)
                0x00000000200004d4                Font16
 .data          0x00000000200004dc        0x8 lib/Fonts/libFonts.a(font20.c.obj)
                0x00000000200004dc                Font20
 .data          0x00000000200004e4        0x8 lib/Fonts/libFonts.a(font24.c.obj)
                0x00000000200004e4                Font24
 .data          0x00000000200004ec        0xc lib/Fonts/libFonts.a(font24CN.c.obj)
                0x00000000200004ec                Font24CN
 .data          0x00000000200004f8      0x430 /usr/lib/gcc/arm-none-eabi/10.3.1/../../../arm-none-eabi/lib/thumb/v6-m/nofp/libc.a(lib_a-impure.o)
                0x00000000200004f8                _impure_ptr
 .data          0x0000000020000928      0x410 /usr/lib/gcc/arm-none-eabi/10.3.1/../../../arm-none-eabi/lib/thumb/v6-m/nofp/libc.a(lib_a-mallocr.o)
                0x0000000020000928                __malloc_sbrk_base
                0x000000002000092c                __malloc_trim_threshold
                0x0000000020000930                __malloc_av_
                0x0000000020000d38                . = ALIGN (0x4)
 *(.after_data.*)
                0x0000000020000d38                . = ALIGN (0x4)
                0x0000000020000d38                PROVIDE (__mutex_array_start = .)
 *(SORT_BY_NAME(.mutex_array.*))
 *(.mutex_array)
 .mutex_array   0x0000000020000d38        0x8 CMakeFiles/main.dir/home/aatir/pico/pico-sdk/src/rp2_common/pico_stdio/stdio.c.obj
                0x0000000020000d40                PROVIDE (__mutex_array_end = .)
                0x0000000020000d40                . = ALIGN (0x4)
                0x0000000020000d40                PROVIDE (__preinit_array_start = .)
 *(SORT_BY_NAME(.preinit_array.*))
 .preinit_array.00001
                0x0000000020000d40        0x4 CMakeFiles/main.dir/home/aatir/pico/pico-sdk/src/rp2_common/pico_mem_ops/mem_ops_aeabi.S.obj
 .preinit_array.00010
                0x0000000020000d44        0x4 CMakeFiles/main.dir/home/aatir/pico/pico-sdk/src/rp2_common/pico_bit_ops/bit_ops_aeabi.S.obj
 .preinit_array.00020
                0x0000000020000d48        0x4 CMakeFiles/main.dir/home/aatir/pico/pico-sdk/src/rp2_common/pico_double/double_aeabi.S.obj
 .preinit_array.00020
                0x0000000020000d4c        0x4 CMakeFiles/main.dir/home/aatir/pico/pico-sdk/src/rp2_common/pico_float/float_aeabi.S.obj
 *(.preinit_array)
                0x0000000020000d50                PROVIDE (__preinit_array_end = .)
                0x0000000020000d50                . = ALIGN (0x4)
                0x0000000020000d50                PROVIDE (__init_array_start = .)
 *(SORT_BY_NAME(.init_array.*))
 *(.init_array)
 .init_array    0x0000000020000d50        0x4 /usr/lib/gcc/arm-none-eabi/10.3.1/thumb/v6-m/nofp/crtbegin.o
 .init_array    0x0000000020000d54        0x4 CMakeFiles/main.dir/home/aatir/pico/pico-sdk/src/rp2_common/pico_unique_id/unique_id.c.obj
                0x0000000020000d58                PROVIDE (__init_array_end = .)
                0x0000000020000d58                . = ALIGN (0x4)
                0x0000000020000d58                PROVIDE (__fini_array_start = .)
 *(SORT_BY_NAME(.fini_array.*))
 *(.fini_array)
                0x0000000020000d58                PROVIDE (__fini_array_end = .)
 *(.jcr)
                0x0000000020000d58                . = ALIGN (0x4)
                0x0000000020000d58                __data_end__ = .

.tm_clone_table
                0x0000000020000d58        0x0 load address 0x000000001006f8c0
 .tm_clone_table
                0x0000000020000d58        0x0 /usr/lib/gcc/arm-none-eabi/10.3.1/thumb/v6-m/nofp/crtbegin.o
 .tm_clone_table
                0x0000000020000d58        0x0 /usr/lib/gcc/arm-none-eabi/10.3.1/thumb/v6-m/nofp/crtend.o

.igot.plt       0x0000000020000d58        0x0 load address 0x000000001006f8c0
 .igot.plt      0x0000000020000d58        0x0 /usr/lib/gcc/arm-none-eabi/10.3.1/thumb/v6-m/nofp/crtbegin.o

.uninitialized_data
                0x0000000020000d58        0x0 load address 0x000000001006f8c0
                0x0000000020000d58                . = ALIGN (0x4)
 *(.uninitialized_data*)

.scratch_x      0x0000000020040000        0x0 load address 0x000000001006f8c0
                0x0000000020040000                __scratch_x_start__ = .
 *(.scratch_x.*)
                0x0000000020040000                . = ALIGN (0x4)
                0x0000000020040000                __scratch_x_end__ = .
                0x000000001006f8c0                __scratch_x_source__ = LOADADDR (.scratch_x)

.scratch_y      0x0000000020041000        0x0 load address 0x000000001006f8c0
                0x0000000020041000                __scratch_y_start__ = .
 *(.scratch_y.*)
                0x0000000020041000                . = ALIGN (0x4)
                0x0000000020041000                __scratch_y_end__ = .
                0x000000001006f8c0                __scratch_y_source__ = LOADADDR (.scratch_y)

.bss            0x0000000020000d58      0xe2c
                0x0000000020000d58                . = ALIGN (0x4)
                0x0000000020000d58                __bss_start__ = .
 *(SORT_BY_ALIGNMENT(SORT_BY_NAME(.bss*)))
 .bss.default_alarm_pool_entries
                0x0000000020000d58      0x100 CMakeFiles/main.dir/home/aatir/pico/pico-sdk/src/common/pico_time/time.c.obj
 .bss.last_avail_time.1
                0x0000000020000e58        0x8 CMakeFiles/main.dir/home/aatir/pico/pico-sdk/src/rp2_common/pico_stdio_usb/stdio_usb.c.obj
 .bss.sd_table  0x0000000020000e60      0x100 CMakeFiles/main.dir/home/aatir/pico/pico-sdk/src/rp2_common/pico_double/double_init_rom.c.obj
                0x0000000020000e60                sd_table
 .bss.sf_table  0x0000000020000f60      0x100 CMakeFiles/main.dir/home/aatir/pico/pico-sdk/src/rp2_common/pico_float/float_init_rom.c.obj
                0x0000000020000f60                sf_table
 .bss.timer_Get_Point
                0x0000000020001060       0x18 examples/libexamples.a(LCD_1in28_test.c.obj)
                0x0000000020001060                timer_Get_Point
 .bss           0x0000000020001078       0x1c /usr/lib/gcc/arm-none-eabi/10.3.1/thumb/v6-m/nofp/crtbegin.o
 .bss           0x0000000020001094       0x34 /usr/lib/gcc/arm-none-eabi/10.3.1/../../../arm-none-eabi/lib/thumb/v6-m/nofp/libc.a(lib_a-mallocr.o)
                0x0000000020001094                __malloc_top_pad
                0x0000000020001098                __malloc_current_mallinfo
                0x00000000200010c0                __malloc_max_sbrked_mem
                0x00000000200010c4                __malloc_max_total_mem
 .bss           0x00000000200010c8        0x4 /usr/lib/gcc/arm-none-eabi/10.3.1/../../../arm-none-eabi/lib/thumb/v6-m/nofp/libc.a(lib_a-reent.o)
                0x00000000200010c8                errno
 .bss.BlackImage
                0x00000000200010cc        0x4 examples/libexamples.a(LCD_1in28_test.c.obj)
                0x00000000200010cc                BlackImage
 .bss.LCD_1IN28
                0x00000000200010d0        0x6 lib/LCD/libLCD.a(LCD_1in28.c.obj)
                0x00000000200010d0                LCD_1IN28
 *fill*         0x00000000200010d6        0x2 
 .bss.Paint     0x00000000200010d8       0x18 lib/GUI/libGUI.a(GUI_Paint.c.obj)
                0x00000000200010d8                Paint
 .bss.XY        0x00000000200010f0        0x8 examples/libexamples.a(LCD_1in28_test.c.obj)
                0x00000000200010f0                XY
 .bss._app_driver
                0x00000000200010f8        0x4 CMakeFiles/main.dir/home/aatir/pico/pico-sdk/lib/tinyusb/src/device/usbd.c.obj
 .bss._cdcd_itf
                0x00000000200010fc      0x2d8 CMakeFiles/main.dir/home/aatir/pico/pico-sdk/lib/tinyusb/src/class/cdc/cdc_device.c.obj
 .bss._ctrl_xfer
                0x00000000200013d4       0x14 CMakeFiles/main.dir/home/aatir/pico/pico-sdk/lib/tinyusb/src/device/usbd_control.c.obj
 .bss._ubsd_mutexdef
                0x00000000200013e8        0x8 CMakeFiles/main.dir/home/aatir/pico/pico-sdk/lib/tinyusb/src/device/usbd.c.obj
 .bss._usbd_ctrl_buf
                0x00000000200013f0       0x40 CMakeFiles/main.dir/home/aatir/pico/pico-sdk/lib/tinyusb/src/device/usbd_control.c.obj
 .bss._usbd_dev
                0x0000000020001430       0x53 CMakeFiles/main.dir/home/aatir/pico/pico-sdk/lib/tinyusb/src/device/usbd.c.obj
 *fill*         0x0000000020001483        0x1 
 .bss._usbd_mutex
                0x0000000020001484        0x4 CMakeFiles/main.dir/home/aatir/pico/pico-sdk/lib/tinyusb/src/device/usbd.c.obj
 .bss._usbd_q   0x0000000020001488        0x4 CMakeFiles/main.dir/home/aatir/pico/pico-sdk/lib/tinyusb/src/device/usbd.c.obj
 .bss._usbd_qdef_buf
                0x000000002000148c       0xc0 CMakeFiles/main.dir/home/aatir/pico/pico-sdk/lib/tinyusb/src/device/usbd.c.obj
                0x000000002000148c                _usbd_qdef_buf
 .bss.alarm_callbacks
                0x000000002000154c       0x10 CMakeFiles/main.dir/home/aatir/pico/pico-sdk/src/rp2_common/hardware_timer/timer.c.obj
 .bss.boot2_copyout
                0x000000002000155c      0x100 CMakeFiles/main.dir/home/aatir/pico/pico-sdk/src/rp2_common/hardware_flash/flash.c.obj
 .bss.callbacks
                0x000000002000165c        0x8 CMakeFiles/main.dir/home/aatir/pico/pico-sdk/src/rp2_common/hardware_gpio/gpio.c.obj
 .bss.claimed   0x0000000020001664        0x4 CMakeFiles/main.dir/home/aatir/pico/pico-sdk/src/rp2_common/hardware_sync/sync.c.obj
 .bss.configured_freq
                0x0000000020001668       0x28 CMakeFiles/main.dir/home/aatir/pico/pico-sdk/src/rp2_common/hardware_clocks/clocks.c.obj
 .bss.default_alarm_pool_entry_ids_high
                0x0000000020001690       0x10 CMakeFiles/main.dir/home/aatir/pico/pico-sdk/src/common/pico_time/time.c.obj
 .bss.default_alarm_pool_heap_nodes
                0x00000000200016a0       0x30 CMakeFiles/main.dir/home/aatir/pico/pico-sdk/src/common/pico_time/time.c.obj
 .bss.desc_str.0
                0x00000000200016d0       0x28 CMakeFiles/main.dir/home/aatir/pico/pico-sdk/src/rp2_common/pico_stdio_usb/stdio_usb_descriptors.c.obj
 .bss.drivers   0x00000000200016f8        0x4 CMakeFiles/main.dir/home/aatir/pico/pico-sdk/src/rp2_common/pico_stdio/stdio.c.obj
 .bss.filter    0x00000000200016fc        0x4 CMakeFiles/main.dir/home/aatir/pico/pico-sdk/src/rp2_common/pico_stdio/stdio.c.obj
 .bss.heap_end.0
                0x0000000020001700        0x4 CMakeFiles/main.dir/home/aatir/pico/pico-sdk/src/rp2_common/pico_runtime/runtime.c.obj
 .bss.hw_endpoints
                0x0000000020001704      0x400 CMakeFiles/main.dir/home/aatir/pico/pico-sdk/lib/tinyusb/src/portable/raspberrypi/rp2040/dcd_rp2040.c.obj
 .bss.lazy_vsnprintf
                0x0000000020001b04        0x4 CMakeFiles/main.dir/home/aatir/pico/pico-sdk/src/rp2_common/pico_printf/printf.c.obj
 .bss.load_value
                0x0000000020001b08        0x4 CMakeFiles/main.dir/home/aatir/pico/pico-sdk/src/rp2_common/hardware_watchdog/watchdog.c.obj
 .bss.next_buffer_ptr
                0x0000000020001b0c        0x4 CMakeFiles/main.dir/home/aatir/pico/pico-sdk/lib/tinyusb/src/portable/raspberrypi/rp2040/dcd_rp2040.c.obj
 .bss.pools     0x0000000020001b10       0x10 CMakeFiles/main.dir/home/aatir/pico/pico-sdk/src/common/pico_time/time.c.obj
 .bss.raw_irq_mask
                0x0000000020001b20        0x8 CMakeFiles/main.dir/home/aatir/pico/pico-sdk/src/rp2_common/hardware_gpio/gpio.c.obj
 .bss.retrieved_id
                0x0000000020001b28        0x8 CMakeFiles/main.dir/home/aatir/pico/pico-sdk/src/rp2_common/pico_unique_id/unique_id.c.obj
 .bss.sf_clz_func
                0x0000000020001b30        0x4 CMakeFiles/main.dir/home/aatir/pico/pico-sdk/src/rp2_common/pico_double/double_init_rom.c.obj
                0x0000000020001b30                sf_clz_func
 .bss.sleep_notifier
                0x0000000020001b34        0x4 CMakeFiles/main.dir/home/aatir/pico/pico-sdk/src/common/pico_time/time.c.obj
 .bss.slice_num
                0x0000000020001b38        0x4 lib/Config/libConfig.a(DEV_Config.c.obj)
                0x0000000020001b38                slice_num
 .bss.stdio_usb_mutex
                0x0000000020001b3c        0x8 CMakeFiles/main.dir/home/aatir/pico/pico-sdk/src/rp2_common/pico_stdio_usb/stdio_usb.c.obj
 .bss.target_hi
                0x0000000020001b44       0x10 CMakeFiles/main.dir/home/aatir/pico/pico-sdk/src/rp2_common/hardware_timer/timer.c.obj
 .bss.uart_char_to_line_feed
                0x0000000020001b54        0x4 CMakeFiles/main.dir/home/aatir/pico/pico-sdk/src/rp2_common/hardware_uart/uart.c.obj
                0x0000000020001b54                uart_char_to_line_feed
 .bss.uart_instance
                0x0000000020001b58        0x4 CMakeFiles/main.dir/home/aatir/pico/pico-sdk/src/rp2_common/pico_stdio_uart/stdio_uart.c.obj
 .bss.usbd_serial_str
                0x0000000020001b5c       0x11 CMakeFiles/main.dir/home/aatir/pico/pico-sdk/src/rp2_common/pico_stdio_usb/stdio_usb_descriptors.c.obj
 *fill*         0x0000000020001b6d        0x3 
 .bss.user_irq_claimed
                0x0000000020001b70        0x2 CMakeFiles/main.dir/home/aatir/pico/pico-sdk/src/rp2_common/hardware_irq/irq.c.obj
 .bss.x         0x0000000020001b72        0x2 examples/libexamples.a(LCD_1in28_test.c.obj)
                0x0000000020001b72                x
 .bss.y         0x0000000020001b74        0x2 examples/libexamples.a(LCD_1in28_test.c.obj)
                0x0000000020001b74                y
 .bss._app_driver_count
                0x0000000020001b76        0x1 CMakeFiles/main.dir/home/aatir/pico/pico-sdk/lib/tinyusb/src/device/usbd.c.obj
 .bss._usbd_initialized
                0x0000000020001b77        0x1 CMakeFiles/main.dir/home/aatir/pico/pico-sdk/lib/tinyusb/src/device/usbd.c.obj
 .bss.boot2_copyout_valid
                0x0000000020001b78        0x1 CMakeFiles/main.dir/home/aatir/pico/pico-sdk/src/rp2_common/hardware_flash/flash.c.obj
 .bss.claimed   0x0000000020001b79        0x1 CMakeFiles/main.dir/home/aatir/pico/pico-sdk/src/rp2_common/hardware_timer/timer.c.obj
 .bss.flag      0x0000000020001b7a        0x1 examples/libexamples.a(LCD_1in28_test.c.obj)
                0x0000000020001b7a                flag
 .bss.flgh      0x0000000020001b7b        0x1 examples/libexamples.a(LCD_1in28_test.c.obj)
                0x0000000020001b7b                flgh
 .bss.irq_hander_chain_free_slot_head
                0x0000000020001b7c        0x1 CMakeFiles/main.dir/home/aatir/pico/pico-sdk/src/rp2_common/hardware_irq/irq.c.obj